model: /home/george/Desktop/SCALE-Sim/cosma/_exported/_exported_inception_v3-tflite-float_unfused/model.json
paper_name: Inception-v3
spm_budget_mb: 2.0000
config: /home/george/Desktop/SCALE-Sim/configs/scale_onsram.cfg
============================================================
OnSRAM-Static @ 2.00 MB: 312/318 COSMA-tracked tensors pinned (98.1%)
  [OK] 312/318 pinned, independently replayed with no physical inconsistency; peak 1.8461 MB / 2.00 MB budget (oversized excluded: [9, 326, 327])

--- SCHEDULE (BFS-DFS hybrid execution order) ---
  t=0    layer=0     op=CONV2D
  t=1    layer=1     op=BATCH_NORM
  t=2    layer=2     op=RELU
  t=3    layer=3     op=CONV2D
  t=4    layer=4     op=BATCH_NORM
  t=5    layer=5     op=RELU
  t=6    layer=6     op=CONV2D
  t=7    layer=7     op=BATCH_NORM
  t=8    layer=8     op=RELU
  t=9    layer=9     op=MAXPOOL
  t=10   layer=10    op=CONV2D
  t=11   layer=11    op=BATCH_NORM
  t=12   layer=12    op=RELU
  t=13   layer=13    op=CONV2D
  t=14   layer=14    op=BATCH_NORM
  t=15   layer=15    op=RELU
  t=16   layer=16    op=MAXPOOL
  t=17   layer=17    op=CONV2D
  t=18   layer=18    op=BATCH_NORM
  t=19   layer=19    op=RELU
  t=20   layer=20    op=CONV2D
  t=21   layer=21    op=BATCH_NORM
  t=22   layer=22    op=RELU
  t=23   layer=26    op=CONV2D
  t=24   layer=27    op=BATCH_NORM
  t=25   layer=28    op=RELU
  t=26   layer=35    op=PAD
  t=27   layer=36    op=AVGPOOL
  t=28   layer=37    op=CONV2D
  t=29   layer=38    op=BATCH_NORM
  t=30   layer=39    op=RELU
  t=31   layer=23    op=CONV2D
  t=32   layer=24    op=BATCH_NORM
  t=33   layer=25    op=RELU
  t=34   layer=29    op=CONV2D
  t=35   layer=30    op=BATCH_NORM
  t=36   layer=31    op=RELU
  t=37   layer=32    op=CONV2D
  t=38   layer=33    op=BATCH_NORM
  t=39   layer=34    op=RELU
  t=40   layer=40    op=CONCAT
  t=41   layer=41    op=CONV2D
  t=42   layer=42    op=BATCH_NORM
  t=43   layer=43    op=RELU
  t=44   layer=44    op=CONV2D
  t=45   layer=45    op=BATCH_NORM
  t=46   layer=46    op=RELU
  t=47   layer=50    op=CONV2D
  t=48   layer=51    op=BATCH_NORM
  t=49   layer=52    op=RELU
  t=50   layer=59    op=PAD
  t=51   layer=60    op=AVGPOOL
  t=52   layer=61    op=CONV2D
  t=53   layer=62    op=BATCH_NORM
  t=54   layer=63    op=RELU
  t=55   layer=47    op=CONV2D
  t=56   layer=48    op=BATCH_NORM
  t=57   layer=49    op=RELU
  t=58   layer=53    op=CONV2D
  t=59   layer=54    op=BATCH_NORM
  t=60   layer=55    op=RELU
  t=61   layer=56    op=CONV2D
  t=62   layer=57    op=BATCH_NORM
  t=63   layer=58    op=RELU
  t=64   layer=64    op=CONCAT
  t=65   layer=65    op=CONV2D
  t=66   layer=66    op=BATCH_NORM
  t=67   layer=67    op=RELU
  t=68   layer=68    op=CONV2D
  t=69   layer=69    op=BATCH_NORM
  t=70   layer=70    op=RELU
  t=71   layer=74    op=CONV2D
  t=72   layer=75    op=BATCH_NORM
  t=73   layer=76    op=RELU
  t=74   layer=83    op=PAD
  t=75   layer=84    op=AVGPOOL
  t=76   layer=85    op=CONV2D
  t=77   layer=86    op=BATCH_NORM
  t=78   layer=87    op=RELU
  t=79   layer=71    op=CONV2D
  t=80   layer=72    op=BATCH_NORM
  t=81   layer=73    op=RELU
  t=82   layer=77    op=CONV2D
  t=83   layer=78    op=BATCH_NORM
  t=84   layer=79    op=RELU
  t=85   layer=80    op=CONV2D
  t=86   layer=81    op=BATCH_NORM
  t=87   layer=82    op=RELU
  t=88   layer=88    op=CONCAT
  t=89   layer=92    op=CONV2D
  t=90   layer=93    op=BATCH_NORM
  t=91   layer=94    op=RELU
  t=92   layer=101   op=MAXPOOL
  t=93   layer=89    op=CONV2D
  t=94   layer=90    op=BATCH_NORM
  t=95   layer=91    op=RELU
  t=96   layer=95    op=CONV2D
  t=97   layer=96    op=BATCH_NORM
  t=98   layer=97    op=RELU
  t=99   layer=98    op=CONV2D
  t=100  layer=99    op=BATCH_NORM
  t=101  layer=100   op=RELU
  t=102  layer=102   op=CONCAT
  t=103  layer=106   op=CONV2D
  t=104  layer=107   op=BATCH_NORM
  t=105  layer=108   op=RELU
  t=106  layer=115   op=CONV2D
  t=107  layer=116   op=BATCH_NORM
  t=108  layer=117   op=RELU
  t=109  layer=130   op=PAD
  t=110  layer=131   op=AVGPOOL
  t=111  layer=103   op=CONV2D
  t=112  layer=104   op=BATCH_NORM
  t=113  layer=105   op=RELU
  t=114  layer=109   op=CONV2D
  t=115  layer=110   op=BATCH_NORM
  t=116  layer=111   op=RELU
  t=117  layer=118   op=CONV2D
  t=118  layer=119   op=BATCH_NORM
  t=119  layer=120   op=RELU
  t=120  layer=132   op=CONV2D
  t=121  layer=133   op=BATCH_NORM
  t=122  layer=134   op=RELU
  t=123  layer=112   op=CONV2D
  t=124  layer=113   op=BATCH_NORM
  t=125  layer=114   op=RELU
  t=126  layer=121   op=CONV2D
  t=127  layer=122   op=BATCH_NORM
  t=128  layer=123   op=RELU
  t=129  layer=124   op=CONV2D
  t=130  layer=125   op=BATCH_NORM
  t=131  layer=126   op=RELU
  t=132  layer=127   op=CONV2D
  t=133  layer=128   op=BATCH_NORM
  t=134  layer=129   op=RELU
  t=135  layer=135   op=CONCAT
  t=136  layer=139   op=CONV2D
  t=137  layer=140   op=BATCH_NORM
  t=138  layer=141   op=RELU
  t=139  layer=148   op=CONV2D
  t=140  layer=149   op=BATCH_NORM
  t=141  layer=150   op=RELU
  t=142  layer=163   op=PAD
  t=143  layer=164   op=AVGPOOL
  t=144  layer=136   op=CONV2D
  t=145  layer=137   op=BATCH_NORM
  t=146  layer=138   op=RELU
  t=147  layer=142   op=CONV2D
  t=148  layer=143   op=BATCH_NORM
  t=149  layer=144   op=RELU
  t=150  layer=151   op=CONV2D
  t=151  layer=152   op=BATCH_NORM
  t=152  layer=153   op=RELU
  t=153  layer=165   op=CONV2D
  t=154  layer=166   op=BATCH_NORM
  t=155  layer=167   op=RELU
  t=156  layer=145   op=CONV2D
  t=157  layer=146   op=BATCH_NORM
  t=158  layer=147   op=RELU
  t=159  layer=154   op=CONV2D
  t=160  layer=155   op=BATCH_NORM
  t=161  layer=156   op=RELU
  t=162  layer=157   op=CONV2D
  t=163  layer=158   op=BATCH_NORM
  t=164  layer=159   op=RELU
  t=165  layer=160   op=CONV2D
  t=166  layer=161   op=BATCH_NORM
  t=167  layer=162   op=RELU
  t=168  layer=168   op=CONCAT
  t=169  layer=172   op=CONV2D
  t=170  layer=173   op=BATCH_NORM
  t=171  layer=174   op=RELU
  t=172  layer=181   op=CONV2D
  t=173  layer=182   op=BATCH_NORM
  t=174  layer=183   op=RELU
  t=175  layer=196   op=PAD
  t=176  layer=197   op=AVGPOOL
  t=177  layer=169   op=CONV2D
  t=178  layer=170   op=BATCH_NORM
  t=179  layer=171   op=RELU
  t=180  layer=175   op=CONV2D
  t=181  layer=176   op=BATCH_NORM
  t=182  layer=177   op=RELU
  t=183  layer=184   op=CONV2D
  t=184  layer=185   op=BATCH_NORM
  t=185  layer=186   op=RELU
  t=186  layer=198   op=CONV2D
  t=187  layer=199   op=BATCH_NORM
  t=188  layer=200   op=RELU
  t=189  layer=178   op=CONV2D
  t=190  layer=179   op=BATCH_NORM
  t=191  layer=180   op=RELU
  t=192  layer=187   op=CONV2D
  t=193  layer=188   op=BATCH_NORM
  t=194  layer=189   op=RELU
  t=195  layer=190   op=CONV2D
  t=196  layer=191   op=BATCH_NORM
  t=197  layer=192   op=RELU
  t=198  layer=193   op=CONV2D
  t=199  layer=194   op=BATCH_NORM
  t=200  layer=195   op=RELU
  t=201  layer=201   op=CONCAT
  t=202  layer=229   op=PAD
  t=203  layer=230   op=AVGPOOL
  t=204  layer=202   op=CONV2D
  t=205  layer=203   op=BATCH_NORM
  t=206  layer=204   op=RELU
  t=207  layer=205   op=CONV2D
  t=208  layer=206   op=BATCH_NORM
  t=209  layer=207   op=RELU
  t=210  layer=214   op=CONV2D
  t=211  layer=215   op=BATCH_NORM
  t=212  layer=216   op=RELU
  t=213  layer=231   op=CONV2D
  t=214  layer=232   op=BATCH_NORM
  t=215  layer=233   op=RELU
  t=216  layer=208   op=CONV2D
  t=217  layer=209   op=BATCH_NORM
  t=218  layer=210   op=RELU
  t=219  layer=217   op=CONV2D
  t=220  layer=218   op=BATCH_NORM
  t=221  layer=219   op=RELU
  t=222  layer=211   op=CONV2D
  t=223  layer=212   op=BATCH_NORM
  t=224  layer=213   op=RELU
  t=225  layer=220   op=CONV2D
  t=226  layer=221   op=BATCH_NORM
  t=227  layer=222   op=RELU
  t=228  layer=223   op=CONV2D
  t=229  layer=224   op=BATCH_NORM
  t=230  layer=225   op=RELU
  t=231  layer=226   op=CONV2D
  t=232  layer=227   op=BATCH_NORM
  t=233  layer=228   op=RELU
  t=234  layer=234   op=CONCAT
  t=235  layer=253   op=MAXPOOL
  t=236  layer=235   op=CONV2D
  t=237  layer=236   op=BATCH_NORM
  t=238  layer=237   op=RELU
  t=239  layer=238   op=CONV2D
  t=240  layer=239   op=BATCH_NORM
  t=241  layer=240   op=RELU
  t=242  layer=241   op=CONV2D
  t=243  layer=242   op=BATCH_NORM
  t=244  layer=243   op=RELU
  t=245  layer=244   op=CONV2D
  t=246  layer=245   op=BATCH_NORM
  t=247  layer=246   op=RELU
  t=248  layer=247   op=CONV2D
  t=249  layer=248   op=BATCH_NORM
  t=250  layer=249   op=RELU
  t=251  layer=250   op=CONV2D
  t=252  layer=251   op=BATCH_NORM
  t=253  layer=252   op=RELU
  t=254  layer=254   op=CONCAT
  t=255  layer=255   op=CONV2D
  t=256  layer=256   op=BATCH_NORM
  t=257  layer=257   op=RELU
  t=258  layer=258   op=CONV2D
  t=259  layer=259   op=BATCH_NORM
  t=260  layer=260   op=RELU
  t=261  layer=261   op=CONV2D
  t=262  layer=262   op=BATCH_NORM
  t=263  layer=263   op=RELU
  t=264  layer=264   op=CONV2D
  t=265  layer=265   op=BATCH_NORM
  t=266  layer=266   op=RELU
  t=267  layer=267   op=CONV2D
  t=268  layer=268   op=BATCH_NORM
  t=269  layer=269   op=RELU
  t=270  layer=270   op=CONV2D
  t=271  layer=271   op=BATCH_NORM
  t=272  layer=272   op=RELU
  t=273  layer=273   op=CONV2D
  t=274  layer=274   op=BATCH_NORM
  t=275  layer=275   op=RELU
  t=276  layer=276   op=CONV2D
  t=277  layer=277   op=BATCH_NORM
  t=278  layer=278   op=RELU
  t=279  layer=279   op=PAD
  t=280  layer=280   op=AVGPOOL
  t=281  layer=281   op=CONV2D
  t=282  layer=282   op=BATCH_NORM
  t=283  layer=283   op=RELU
  t=284  layer=284   op=CONCAT
  t=285  layer=285   op=CONV2D
  t=286  layer=286   op=BATCH_NORM
  t=287  layer=287   op=RELU
  t=288  layer=288   op=CONV2D
  t=289  layer=289   op=BATCH_NORM
  t=290  layer=290   op=RELU
  t=291  layer=291   op=CONV2D
  t=292  layer=292   op=BATCH_NORM
  t=293  layer=293   op=RELU
  t=294  layer=294   op=CONV2D
  t=295  layer=295   op=BATCH_NORM
  t=296  layer=296   op=RELU
  t=297  layer=297   op=CONV2D
  t=298  layer=298   op=BATCH_NORM
  t=299  layer=299   op=RELU
  t=300  layer=300   op=CONV2D
  t=301  layer=301   op=BATCH_NORM
  t=302  layer=302   op=RELU
  t=303  layer=303   op=CONV2D
  t=304  layer=304   op=BATCH_NORM
  t=305  layer=305   op=RELU
  t=306  layer=306   op=CONV2D
  t=307  layer=307   op=BATCH_NORM
  t=308  layer=308   op=RELU
  t=309  layer=309   op=PAD
  t=310  layer=310   op=AVGPOOL
  t=311  layer=311   op=CONV2D
  t=312  layer=312   op=BATCH_NORM
  t=313  layer=313   op=RELU
  t=314  layer=314   op=CONCAT
  t=315  layer=315   op=REDUCE_MEAN
  t=316  layer=316   op=DENSE
  t=317  layer=317   op=BIAS_ADD

--- FOM LIST (all tensors, sorted by FoM descending) ---
   tensor    size_KB produced last_used        fom  pinned  reclaimed_src
       85     770.06       74        75   127.7001  True    True
        9    2701.12        8         9   127.7001  False   False
       61     684.50       50        51   127.7000  True    True
       16    1890.38       15        16   127.7000  True    True
       37     513.38       26        27   127.7000  True    True
      132     541.50      109       110   127.7000  True    True
      165     541.50      142       143   127.7000  True    True
      198     541.50      175       176   127.7000  True    True
      231     541.50      202       203   127.7000  True    True
      326    2701.12        6         7   127.7000  False   False
      311     400.00      309       310   127.7000  True    True
      330    1890.38       13        14   127.7000  True    False
      281     250.00      279       280   127.7000  True    True
      322    1387.56        0         1   127.7000  True    True
      324    1350.56        3         4   127.7000  True    True
      327    2701.12        7         8   127.7000  False   False
      331    1890.38       14        15   127.7000  False   False
      328     832.66       10        11   127.7000  True    True
      323    1387.56        1         2   127.7000  True    False
      325    1350.56        4         5   127.7000  True    True
      329     832.66       11        12   127.7000  True    False
      340     229.69       34        35   127.7000  True    True
      342     229.69       37        38   127.7000  True    True
      354     229.69       58        59   127.7000  True    True
      356     229.69       61        62   127.7000  True    True
      368     229.69       82        83   127.7000  True    True
      370     229.69       85        86   127.7000  True    True
      378     229.69       96        97   127.7000  True    True
      374     216.75       93        94   127.7000  True    True
      332     153.12       17        18   127.7000  True    True
      336     153.12       31        32   127.7000  True    True
      338     153.12       23        24   127.7000  True    True
      346     153.12       41        42   127.7000  True    True
      350     153.12       55        56   127.7000  True    True
      352     153.12       47        48   127.7000  True    True
      358     153.12       52        53   127.7000  True    True
      360     153.12       65        66   127.7000  True    True
      364     153.12       79        80   127.7000  True    True
      366     153.12       71        72   127.7000  True    True
      372     153.12       76        77   127.7000  True    True
      376     153.12       89        90   127.7000  True    True
      334     114.84       20        21   127.7000  True    True
      341     229.69       35        36   127.7000  True    True
      343     229.69       38        39   127.7000  True    True
      348     114.84       44        45   127.7000  True    True
      355     229.69       59        60   127.7000  True    True
      357     229.69       62        63   127.7000  True    True
      362     114.84       68        69   127.7000  True    True
      369     229.69       83        84   127.7000  True    True
      371     229.69       86        87   127.7000  True    True
      379     229.69       97        98   127.7000  True    True
      375     216.75       94        95   127.7000  True    True
      382     108.38      111       112   127.7000  True    True
      388     108.38      123       124   127.7000  True    True
      398     108.38      132       133   127.7000  True    True
      400     108.38      120       121   127.7000  True    True
      402     108.38      144       145   127.7000  True    True
      408     108.38      156       157   127.7000  True    True
      418     108.38      165       166   127.7000  True    True
      420     108.38      153       154   127.7000  True    True
      422     108.38      177       178   127.7000  True    True
      428     108.38      189       190   127.7000  True    True
      438     108.38      198       199   127.7000  True    True
      440     108.38      186       187   127.7000  True    True
      442     108.38      204       205   127.7000  True    True
      444     108.38      207       208   127.7000  True    True
      446     108.38      216       217   127.7000  True    True
      448     108.38      222       223   127.7000  True    True
      450     108.38      210       211   127.7000  True    True
      452     108.38      219       220   127.7000  True    True
      454     108.38      225       226   127.7000  True    True
      456     108.38      228       229   127.7000  True    True
      458     108.38      231       232   127.7000  True    True
      460     108.38      213       214   127.7000  True    True
      462     108.38      236       237   127.7000  True    True
      466     108.38      242       243   127.7000  True    True
      468     108.38      245       246   127.7000  True    True
      470     108.38      248       249   127.7000  True    True
      404      90.31      136       137   127.7000  True    True
      406      90.31      147       148   127.7000  True    True
      410      90.31      139       140   127.7000  True    True
      412      90.31      150       151   127.7000  True    True
      414      90.31      159       160   127.7000  True    True
      416      90.31      162       163   127.7000  True    True
      424      90.31      169       170   127.7000  True    True
      426      90.31      180       181   127.7000  True    True
      430      90.31      172       173   127.7000  True    True
      432      90.31      183       184   127.7000  True    True
      434      90.31      192       193   127.7000  True    True
      436      90.31      195       196   127.7000  True    True
      333     153.12       18        19   127.7000  True    True
      337     153.12       32        33   127.7000  True    True
      339     153.12       24        25   127.7000  True    True
      344      76.56       28        29   127.7000  True    True
      347     153.12       42        43   127.7000  True    True
      351     153.12       56        57   127.7000  True    True
      353     153.12       48        49   127.7000  True    True
      359     153.12       53        54   127.7000  True    True
      361     153.12       66        67   127.7000  True    True
      365     153.12       80        81   127.7000  True    True
      367     153.12       72        73   127.7000  True    True
      373     153.12       77        78   127.7000  True    True
      377     153.12       90        91   127.7000  True    True
      384      72.25      103       104   127.7000  True    True
      386      72.25      114       115   127.7000  True    True
      390      72.25      106       107   127.7000  True    True
      392      72.25      117       118   127.7000  True    True
      394      72.25      126       127   127.7000  True    True
      396      72.25      129       130   127.7000  True    True
      335     114.84       21        22   127.7000  True    True
      349     114.84       45        46   127.7000  True    True
      363     114.84       69        70   127.7000  True    True
      482      56.00      267       268   127.7000  True    True
      500      56.00      297       298   127.7000  True    True
      380      54.19       99       100   127.7000  True    True
      383     108.38      112       113   127.7000  True    True
      389     108.38      124       125   127.7000  True    True
      399     108.38      133       134   127.7000  True    True
      401     108.38      121       122   127.7000  True    True
      403     108.38      145       146   127.7000  True    True
      409     108.38      157       158   127.7000  True    True
      419     108.38      166       167   127.7000  True    True
      421     108.38      154       155   127.7000  True    True
      423     108.38      178       179   127.7000  True    True
      429     108.38      190       191   127.7000  True    True
      439     108.38      199       200   127.7000  True    True
      441     108.38      187       188   127.7000  True    True
      443     108.38      205       206   127.7000  True    True
      445     108.38      208       209   127.7000  True    True
      447     108.38      217       218   127.7000  True    True
      449     108.38      223       224   127.7000  True    True
      451     108.38      211       212   127.7000  True    True
      453     108.38      220       221   127.7000  True    True
      455     108.38      226       227   127.7000  True    True
      457     108.38      229       230   127.7000  True    True
      459     108.38      232       233   127.7000  True    True
      461     108.38      214       215   127.7000  True    True
      463     108.38      237       238   127.7000  True    True
      467     108.38      243       244   127.7000  True    True
      469     108.38      246       247   127.7000  True    True
      471     108.38      249       250   127.7000  True    True
      476      48.00      258       259   127.7000  True    True
      478      48.00      261       262   127.7000  True    True
      480      48.00      264       265   127.7000  True    True
      484      48.00      270       271   127.7000  True    True
      486      48.00      273       274   127.7000  True    True
      488      48.00      276       277   127.7000  True    True
      494      48.00      288       289   127.7000  True    True
      496      48.00      291       292   127.7000  True    True
      498      48.00      294       295   127.7000  True    True
      502      48.00      300       301   127.7000  True    True
      504      48.00      303       304   127.7000  True    True
      506      48.00      306       307   127.7000  True    True
      405      90.31      137       138   127.7000  True    True
      407      90.31      148       149   127.7000  True    True
      411      90.31      140       141   127.7000  True    True
      413      90.31      151       152   127.7000  True    True
      415      90.31      160       161   127.7000  True    True
      417      90.31      163       164   127.7000  True    True
      425      90.31      170       171   127.7000  True    True
      427      90.31      181       182   127.7000  True    True
      431      90.31      173       174   127.7000  True    True
      433      90.31      184       185   127.7000  True    True
      435      90.31      193       194   127.7000  True    True
      437      90.31      196       197   127.7000  True    True
      464      40.00      239       240   127.7000  True    True
      474      40.00      255       256   127.7000  True    True
      492      40.00      285       286   127.7000  True    True
      345      76.56       29        30   127.7000  True    True
      385      72.25      104       105   127.7000  True    True
      387      72.25      115       116   127.7000  True    True
      391      72.25      107       108   127.7000  True    True
      393      72.25      118       119   127.7000  True    True
      395      72.25      127       128   127.7000  True    True
      397      72.25      130       131   127.7000  True    True
      483      56.00      268       269   127.7000  True    True
      501      56.00      298       299   127.7000  True    True
      381      54.19      100       101   127.7000  True    True
      472      24.00      251       252   127.7000  True    True
      477      48.00      259       260   127.7000  True    True
      479      48.00      262       263   127.7000  True    True
      481      48.00      265       266   127.7000  True    True
      485      48.00      271       272   127.7000  True    True
      487      48.00      274       275   127.7000  True    True
      489      48.00      277       278   127.7000  True    True
      490      24.00      281       282   127.7000  True    True
      495      48.00      289       290   127.7000  True    True
      497      48.00      292       293   127.7000  True    True
      499      48.00      295       296   127.7000  True    True
      503      48.00      301       302   127.7000  True    True
      505      48.00      304       305   127.7000  True    True
      507      48.00      307       308   127.7000  True    True
      508      24.00      311       312   127.7000  True    True
      465      40.00      240       241   127.7000  True    True
      475      40.00      256       257   127.7000  True    True
      493      40.00      286       287   127.7000  True    True
      473      24.00      252       253   127.7000  True    True
      491      24.00      282       283   127.7000  True    True
      509      24.00      312       313   127.7000  True    True
      316     256.00      314       315   127.7000  True    True
      510       1.95      316       317   127.7000  True    True
       35     229.69       39        40   127.7000  True    True
       60     229.69       63        64   127.7000  True    True
       84     229.69       87        88   127.7000  True    True
      102      54.19      101       102   127.7000  True    True
      131     108.38      134       135   127.7000  True    True
      164     108.38      167       168   127.7000  True    True
      197     108.38      200       201   127.7000  True    True
      230     108.38      233       234   127.7000  True    True
      254      24.00      253       254   127.7000  True    True
      285      24.00      283       284   127.7000  True    True
      315      24.00      313       314   127.7000  True    False
       38     459.38       27        28   127.2158  True    False
       13     832.66       12        13   127.2124  False   False
       86     689.06       75        76   127.2082  True    False
       62     612.50       51        52   127.2082  True    False
        6    1350.56        5         6   127.2078  True    False
       10     666.12        9        10   127.2067  True    False
        3    1387.56        2         3   127.2052  False   False
      312     256.00      310       311   127.2030  True    False
      282     160.00      280       281   127.2029  True    False
       32     229.69       36        37   127.2023  True    False
       57     229.69       60        61   127.2023  True    False
       81     229.69       84        85   127.2023  True    False
      271      56.00      269       270   127.2019  True    False
      301      56.00      299       300   127.2019  True    False
      224     108.38      227       228   127.2017  True    False
      227     108.38      230       231   127.2017  True    False
      245     108.38      244       245   127.2017  True    False
      248     108.38      247       248   127.2017  True    False
      161      90.31      164       165   127.2015  True    False
      194      90.31      197       198   127.2015  True    False
      158      90.31      161       162   127.2013  True    False
      191      90.31      194       195   127.2013  True    False
      128      72.25      131       132   127.2012  True    False
      125      72.25      128       129   127.2011  True    False
       99     229.69       98        99   127.2010  True    False
      239     108.38      238       239   127.2008  True    False
      251     108.38      250       251   127.2007  True    False
      318       4.00      315       316   127.2003  True    False
      321       1.95      317       317   127.2000  True    False
       90     689.06       88        93    42.9134  True    False
      262      48.00      260       264    42.4019  True    False
      274      48.00      272       276    42.4019  True    False
      292      48.00      290       294    42.4019  True    False
      304      48.00      302       306    42.4019  True    False
      212     108.38      218       222    31.8017  True    False
      221     108.38      221       225    31.8017  True    False
       96     153.12       91        96    25.4418  True    False
      104     433.50      102       111    21.7121  True    False
      137     433.50      135       144    21.7108  True    False
      170     433.50      168       177    21.7108  True    False
      203     433.50      201       210    21.7100  True    False
      236     433.50      234       242    21.7067  True    False
      280      48.00      278       284    21.7000  True    True
      310      48.00      308       314    21.7000  True    False
       66     689.06       64        74    18.6985  True    False
       42     612.50       40        50    18.6984  True    False
       17     459.38       16        26    18.6982  True    False
       26     153.12       33        40    18.6714  True    False
       51     153.12       57        64    18.6714  True    False
       75     153.12       81        88    18.6714  True    False
       93     216.75       95       102    18.6714  True    False
      209     108.38      209       216    18.1731  True    False
      218     108.38      212       219    18.1731  True    False
      146      90.31      149       156    18.1729  True    False
      179      90.31      182       189    18.1729  True    False
      155      90.31      152       159    18.1728  True    False
      188      90.31      185       192    18.1728  True    False
      113      72.25      116       123    18.1727  True    False
      122      72.25      119       126    18.1726  True    False
      277      48.00      275       284    14.6333  True    True
      307      48.00      305       314    14.6333  True    False
       23     114.84       22        31    14.1353  True    False
       48     114.84       46        55    14.1353  True    False
       72     114.84       70        79    14.1353  True    False
       29     153.12       25        34    14.1351  True    False
       54     153.12       49        58    14.1351  True    False
       78     153.12       73        82    14.1351  True    False
      143      90.31      138       147    14.1347  True    False
      152      90.31      141       150    14.1347  True    False
      176      90.31      171       180    14.1347  True    False
      185      90.31      174       183    14.1347  True    False
      110      72.25      105       114    14.1345  True    False
      119      72.25      108       117    14.1345  True    False
       41      76.56       30        40    13.2200  True    False
       65     153.12       54        64    13.2200  True    False
       89     153.12       78        88    13.2200  True    False
      103     162.56       92       102    13.2200  True    False
      116     108.38      125       135    13.2200  True    False
      149     108.38      158       168    13.2200  True    False
      182     108.38      191       201    13.2200  True    False
      215     108.38      224       234    13.2200  True    False
      133     433.50      110       120    12.7233  True    False
      166     433.50      143       153    12.7233  True    False
      199     433.50      176       186    12.7233  True    False
      232     433.50      203       213    12.7233  True    False
      136     108.38      122       135    10.2846  True    False
      169     108.38      155       168    10.2846  True    False
      202     108.38      188       201    10.2846  True    False
      242      40.00      241       254    10.2846  True    True
      268      48.00      266       284     7.5667  True    True
      298      48.00      296       314     7.5667  True    False
      235     108.38      215       234     7.1947  True    False
      255      96.00      235       254     7.1947  True    True
       20     153.12       19        40     6.5571  True    False
       45     153.12       43        64     6.5571  True    False
       69     153.12       67        88     6.5571  True    False
      265      48.00      263       284     6.5571  True    True
      295      48.00      293       314     6.5571  True    False
      286     256.00      284       309     6.2884  True    False
      256     160.00      254       279     6.2874  True    False
      107     108.38      113       135     6.2818  True    False
      140     108.38      146       168     6.2818  True    False
      173     108.38      179       201     6.2818  True    False
      259      40.00      257       284     5.2111  True    False
      289      40.00      287       314     5.2111  True    False
      206     108.38      206       234     5.0429  True    False

--- PIN DURATION SUMMARY ---
  total tensors:                         318
  pinned:                                 312
  pinned for MORE than one timestep:      107  [6, 10, 17, 20, 23, 26, 29, 32, 38, 41, 42, 45, 48, 51, 54, 57, 62, 65, 66, 69, 72, 75, 78, 81, 86, 89, 90, 93, 96, 99, 103, 104, 107, 110, 113, 116, 119, 122, 125, 128, 133, 136, 137, 140, 143, 146, 149, 152, 155, 158, 161, 166, 169, 170, 173, 176, 179, 182, 185, 188, 191, 194, 199, 202, 203, 206, 209, 212, 215, 218, 221, 224, 227, 232, 235, 236, 239, 242, 245, 248, 251, 255, 256, 259, 262, 265, 268, 271, 274, 277, 280, 282, 286, 289, 292, 295, 298, 301, 304, 307, 310, 312, 315, 318, 323, 329, 330]
  pinned for exactly one timestep:        205  [16, 35, 37, 60, 61, 84, 85, 102, 131, 132, 164, 165, 197, 198, 230, 231, 254, 281, 285, 311, 316, 321, 322, 324, 325, 328, 332, 333, 334, 335, 336, 337, 338, 339, 340, 341, 342, 343, 344, 345, 346, 347, 348, 349, 350, 351, 352, 353, 354, 355, 356, 357, 358, 359, 360, 361, 362, 363, 364, 365, 366, 367, 368, 369, 370, 371, 372, 373, 374, 375, 376, 377, 378, 379, 380, 381, 382, 383, 384, 385, 386, 387, 388, 389, 390, 391, 392, 393, 394, 395, 396, 397, 398, 399, 400, 401, 402, 403, 404, 405, 406, 407, 408, 409, 410, 411, 412, 413, 414, 415, 416, 417, 418, 419, 420, 421, 422, 423, 424, 425, 426, 427, 428, 429, 430, 431, 432, 433, 434, 435, 436, 437, 438, 439, 440, 441, 442, 443, 444, 445, 446, 447, 448, 449, 450, 451, 452, 453, 454, 455, 456, 457, 458, 459, 460, 461, 462, 463, 464, 465, 466, 467, 468, 469, 470, 471, 472, 473, 474, 475, 476, 477, 478, 479, 480, 481, 482, 483, 484, 485, 486, 487, 488, 489, 490, 491, 492, 493, 494, 495, 496, 497, 498, 499, 500, 501, 502, 503, 504, 505, 506, 507, 508, 509, 510]
  not pinned (oversized, size > budget):  3
  not pinned (lost FoM competition):      3
[OnSRAM SPM] verified 318 timesteps, peak occupancy 1935744/2097152 bytes, 0 violations
[OnSRAM SPM] 210 of 210 Overwrite Optimization hand-off read(s) ('H') served from SPM
[OnSRAM SPM] 93 of 94 simulated layers keep their output on-chip (pinned); the other 1 write it back to DRAM
[OnSRAM SPM] WARNING: 5 of 318 timestep(s) would exceed the 2097152-byte budget under the OLD, fully-unconstrained filter/weight treatment (layer's full filter bytes on top of what's resident; see the filter line below); worst case 1508096 bytes over at t=300 (layer 300)
[OnSRAM SPM] ifmap bigger than its share of the free room on 1 of 318 timestep(s) (worst case 381536 bytes short at t=3, layer 3) -- logged only: under ideal tiling it streams through its share, each element read once
[OnSRAM SPM] ofmap bigger than its share of the free room on 3 of 318 timestep(s) (worst case 2088768 bytes short at t=6, layer 6) -- logged only: under ideal tiling it streams through its share, each element read once
[OnSRAM SPM] filter bigger than its share of the free room on 4 of 318 timestep(s) (worst case 1508096 bytes short at t=300, layer 300) -- logged only: under ideal tiling it streams through its share, each element read once

--- REAL SCALE-SIM RESULTS (Phase D: scale_sim_runner.run_onsram_aware()) ---
  baseline DRAM bytes (no SPM mgmt):       200,838,934
  OnSRAM-aware DRAM bytes:                   73,185,318
  DRAM traffic reduction:                        63.56%
    of which, ifmap residency credit:        71,080,816 bytes (pinned tensors read from SPM instead of DRAM)
    of which, ofmap residency credit:        56,572,800 bytes (pinned outputs not written back to DRAM)
  baseline total cycles:                      9,665,256
  OnSRAM-aware total cycles:                   6,803,938
  speedup (baseline_cycles / onsram_cycles): 1.4205x
  memory-bound layers: baseline=239, onsram-aware=8 (of 318 total)
  inf-SPM ceiling (every activation on-chip, weights once): 6,179,726 cycles, 1.5640x
