model: /home/george/Desktop/SCALE-Sim/cosma/_exported/AlexNet_unfused/model.json
paper_name: AlexNet
spm_budget_mb: 2.0000
config: /home/george/Desktop/SCALE-Sim/configs/scale_onsram.cfg
============================================================
OnSRAM-Static @ 2.00 MB: 25/25 COSMA-tracked tensors pinned (100.0%)
  [OK] 25/25 pinned, independently replayed with no physical inconsistency; peak 0.7385 MB / 2.00 MB budget (oversized excluded: [])

--- SCHEDULE (BFS-DFS hybrid execution order) ---
  t=0    layer=0     op=PAD
  t=1    layer=1     op=CONV2D
  t=2    layer=2     op=BIAS_ADD
  t=3    layer=3     op=RELU
  t=4    layer=4     op=MAXPOOL
  t=5    layer=5     op=CONV2D
  t=6    layer=6     op=BIAS_ADD
  t=7    layer=7     op=RELU
  t=8    layer=8     op=MAXPOOL
  t=9    layer=9     op=CONV2D
  t=10   layer=10    op=BIAS_ADD
  t=11   layer=11    op=RELU
  t=12   layer=12    op=CONV2D
  t=13   layer=13    op=BIAS_ADD
  t=14   layer=14    op=RELU
  t=15   layer=15    op=CONV2D
  t=16   layer=16    op=BIAS_ADD
  t=17   layer=17    op=RELU
  t=18   layer=18    op=MAXPOOL
  t=19   layer=19    op=DENSE
  t=20   layer=20    op=RELU
  t=21   layer=21    op=DENSE
  t=22   layer=22    op=RELU
  t=23   layer=23    op=DENSE
  t=24   layer=24    op=SOFTMAX

--- FOM LIST (all tensors, sorted by FoM descending) ---
   tensor    size_KB produced last_used        fom  pinned  reclaimed_src
        5     378.12        3         4    10.5001  True    True
        9     273.38        7         8    10.5000  True    True
       28     378.12        1         2    10.5000  True    True
       30     273.38        5         6    10.5000  True    True
       29     378.12        2         3    10.5000  True    False
       18      84.50       17        18    10.5000  True    True
       31     273.38        6         7    10.5000  True    False
       32     126.75        9        10    10.5000  True    True
       34      84.50       12        13    10.5000  True    True
       36      84.50       15        16    10.5000  True    True
       33     126.75       10        11    10.5000  True    True
       35      84.50       13        14    10.5000  True    True
       37      84.50       16        17    10.5000  True    False
       38       8.00       19        20    10.5000  True    True
       39       8.00       21        22    10.5000  True    True
       26       1.95       23        24    10.5000  True    True
        6      91.12        4         5    10.0314  True    False
       13     126.75       11        12    10.0211  True    False
       10      63.38        8         9    10.0158  True    False
       16      84.50       14        15    10.0141  True    False
        2     304.59        0         1    10.0099  True    False
       19      18.00       18        19    10.0053  True    False
       22       8.00       20        21    10.0025  True    False
       24       8.00       22        23    10.0007  True    False
       27       1.95       24        24    10.0000  True    False

--- PIN DURATION SUMMARY ---
  total tensors:                         25
  pinned:                                 25
  pinned for MORE than one timestep:      11  [2, 6, 10, 13, 16, 19, 22, 24, 29, 31, 37]
  pinned for exactly one timestep:        14  [5, 9, 18, 26, 27, 28, 30, 32, 33, 34, 35, 36, 38, 39]
  not pinned (oversized, size > budget):  0
  not pinned (lost FoM competition):      0
[OnSRAM SPM] verified 25 timesteps, peak occupancy 774400/2097152 bytes, 0 violations
[OnSRAM SPM] 13 of 13 Overwrite Optimization hand-off read(s) ('H') served from SPM
[OnSRAM SPM] 5 of 5 simulated layers keep their output on-chip (pinned); the other 0 write it back to DRAM
[OnSRAM SPM] budget-vs-working-set check: 0 of 25 timesteps exceed the 2097152-byte budget
[OnSRAM SPM] ifmap fits its share of the free room on all 25 timesteps
[OnSRAM SPM] ofmap fits its share of the free room on all 25 timesteps
[OnSRAM SPM] filter fits its share of the free room on all 25 timesteps

--- REAL SCALE-SIM RESULTS (Phase D: scale_sim_runner.run_onsram_aware()) ---
  baseline DRAM bytes (no SPM mgmt):       129,352,880
  OnSRAM-aware DRAM bytes:                  122,484,352
  DRAM traffic reduction:                         5.31%
    of which, ifmap residency credit:         3,433,264 bytes (pinned tensors read from SPM instead of DRAM)
    of which, ofmap residency credit:         3,435,264 bytes (pinned outputs not written back to DRAM)
  baseline total cycles:                      4,502,426
  OnSRAM-aware total cycles:                   4,339,547
  speedup (baseline_cycles / onsram_cycles): 1.0375x
  memory-bound layers: baseline=20, onsram-aware=4 (of 25 total)
  inf-SPM ceiling (every activation on-chip, weights once): 4,330,139 cycles, 1.0398x
