model: /home/george/Desktop/SCALE-Sim/cosma/_exported/GoogLeNet_unfused/model.json
paper_name: GoogLeNet
spm_budget_mb: 2.0000
config: /home/george/Desktop/SCALE-Sim/configs/scale_onsram.cfg
============================================================
OnSRAM-Static @ 2.00 MB: 194/196 COSMA-tracked tensors pinned (99.0%)
  [OK] 194/196 pinned, independently replayed with no physical inconsistency; peak 1.5312 MB / 2.00 MB budget (oversized excluded: [])

--- SCHEDULE (BFS-DFS hybrid execution order) ---
  t=0    layer=0     op=CONV2D
  t=1    layer=1     op=BATCH_NORM
  t=2    layer=2     op=RELU
  t=3    layer=3     op=MAXPOOL
  t=4    layer=4     op=CONV2D
  t=5    layer=5     op=BATCH_NORM
  t=6    layer=6     op=RELU
  t=7    layer=7     op=CONV2D
  t=8    layer=8     op=BATCH_NORM
  t=9    layer=9     op=RELU
  t=10   layer=10    op=MAXPOOL
  t=11   layer=11    op=CONV2D
  t=12   layer=12    op=BATCH_NORM
  t=13   layer=13    op=RELU
  t=14   layer=14    op=CONV2D
  t=15   layer=15    op=BATCH_NORM
  t=16   layer=16    op=RELU
  t=17   layer=20    op=CONV2D
  t=18   layer=21    op=BATCH_NORM
  t=19   layer=22    op=RELU
  t=20   layer=23    op=CONV2D
  t=21   layer=24    op=BATCH_NORM
  t=22   layer=25    op=RELU
  t=23   layer=26    op=MAXPOOL
  t=24   layer=27    op=CONV2D
  t=25   layer=28    op=BATCH_NORM
  t=26   layer=29    op=RELU
  t=27   layer=17    op=CONV2D
  t=28   layer=18    op=BATCH_NORM
  t=29   layer=19    op=RELU
  t=30   layer=30    op=CONCAT
  t=31   layer=31    op=CONV2D
  t=32   layer=32    op=BATCH_NORM
  t=33   layer=33    op=RELU
  t=34   layer=37    op=CONV2D
  t=35   layer=38    op=BATCH_NORM
  t=36   layer=39    op=RELU
  t=37   layer=43    op=CONV2D
  t=38   layer=44    op=BATCH_NORM
  t=39   layer=45    op=RELU
  t=40   layer=46    op=MAXPOOL
  t=41   layer=47    op=CONV2D
  t=42   layer=48    op=BATCH_NORM
  t=43   layer=49    op=RELU
  t=44   layer=34    op=CONV2D
  t=45   layer=35    op=BATCH_NORM
  t=46   layer=36    op=RELU
  t=47   layer=40    op=CONV2D
  t=48   layer=41    op=BATCH_NORM
  t=49   layer=42    op=RELU
  t=50   layer=50    op=CONCAT
  t=51   layer=51    op=MAXPOOL
  t=52   layer=52    op=CONV2D
  t=53   layer=53    op=BATCH_NORM
  t=54   layer=54    op=RELU
  t=55   layer=55    op=CONV2D
  t=56   layer=56    op=BATCH_NORM
  t=57   layer=57    op=RELU
  t=58   layer=61    op=CONV2D
  t=59   layer=62    op=BATCH_NORM
  t=60   layer=63    op=RELU
  t=61   layer=64    op=CONV2D
  t=62   layer=65    op=BATCH_NORM
  t=63   layer=66    op=RELU
  t=64   layer=67    op=MAXPOOL
  t=65   layer=68    op=CONV2D
  t=66   layer=69    op=BATCH_NORM
  t=67   layer=70    op=RELU
  t=68   layer=58    op=CONV2D
  t=69   layer=59    op=BATCH_NORM
  t=70   layer=60    op=RELU
  t=71   layer=71    op=CONCAT
  t=72   layer=72    op=CONV2D
  t=73   layer=73    op=BATCH_NORM
  t=74   layer=74    op=RELU
  t=75   layer=75    op=CONV2D
  t=76   layer=76    op=BATCH_NORM
  t=77   layer=77    op=RELU
  t=78   layer=81    op=CONV2D
  t=79   layer=82    op=BATCH_NORM
  t=80   layer=83    op=RELU
  t=81   layer=84    op=CONV2D
  t=82   layer=85    op=BATCH_NORM
  t=83   layer=86    op=RELU
  t=84   layer=87    op=MAXPOOL
  t=85   layer=88    op=CONV2D
  t=86   layer=89    op=BATCH_NORM
  t=87   layer=90    op=RELU
  t=88   layer=78    op=CONV2D
  t=89   layer=79    op=BATCH_NORM
  t=90   layer=80    op=RELU
  t=91   layer=91    op=CONCAT
  t=92   layer=101   op=CONV2D
  t=93   layer=102   op=BATCH_NORM
  t=94   layer=103   op=RELU
  t=95   layer=104   op=CONV2D
  t=96   layer=105   op=BATCH_NORM
  t=97   layer=106   op=RELU
  t=98   layer=92    op=CONV2D
  t=99   layer=93    op=BATCH_NORM
  t=100  layer=94    op=RELU
  t=101  layer=95    op=CONV2D
  t=102  layer=96    op=BATCH_NORM
  t=103  layer=97    op=RELU
  t=104  layer=107   op=MAXPOOL
  t=105  layer=108   op=CONV2D
  t=106  layer=109   op=BATCH_NORM
  t=107  layer=110   op=RELU
  t=108  layer=98    op=CONV2D
  t=109  layer=99    op=BATCH_NORM
  t=110  layer=100   op=RELU
  t=111  layer=111   op=CONCAT
  t=112  layer=112   op=CONV2D
  t=113  layer=113   op=BATCH_NORM
  t=114  layer=114   op=RELU
  t=115  layer=115   op=CONV2D
  t=116  layer=116   op=BATCH_NORM
  t=117  layer=117   op=RELU
  t=118  layer=121   op=CONV2D
  t=119  layer=122   op=BATCH_NORM
  t=120  layer=123   op=RELU
  t=121  layer=127   op=MAXPOOL
  t=122  layer=128   op=CONV2D
  t=123  layer=129   op=BATCH_NORM
  t=124  layer=130   op=RELU
  t=125  layer=118   op=CONV2D
  t=126  layer=119   op=BATCH_NORM
  t=127  layer=120   op=RELU
  t=128  layer=124   op=CONV2D
  t=129  layer=125   op=BATCH_NORM
  t=130  layer=126   op=RELU
  t=131  layer=131   op=CONCAT
  t=132  layer=132   op=CONV2D
  t=133  layer=133   op=BATCH_NORM
  t=134  layer=134   op=RELU
  t=135  layer=135   op=CONV2D
  t=136  layer=136   op=BATCH_NORM
  t=137  layer=137   op=RELU
  t=138  layer=141   op=CONV2D
  t=139  layer=142   op=BATCH_NORM
  t=140  layer=143   op=RELU
  t=141  layer=147   op=MAXPOOL
  t=142  layer=148   op=CONV2D
  t=143  layer=149   op=BATCH_NORM
  t=144  layer=150   op=RELU
  t=145  layer=138   op=CONV2D
  t=146  layer=139   op=BATCH_NORM
  t=147  layer=140   op=RELU
  t=148  layer=144   op=CONV2D
  t=149  layer=145   op=BATCH_NORM
  t=150  layer=146   op=RELU
  t=151  layer=151   op=CONCAT
  t=152  layer=152   op=MAXPOOL
  t=153  layer=153   op=CONV2D
  t=154  layer=154   op=BATCH_NORM
  t=155  layer=155   op=RELU
  t=156  layer=156   op=CONV2D
  t=157  layer=157   op=BATCH_NORM
  t=158  layer=158   op=RELU
  t=159  layer=159   op=CONV2D
  t=160  layer=160   op=BATCH_NORM
  t=161  layer=161   op=RELU
  t=162  layer=162   op=CONV2D
  t=163  layer=163   op=BATCH_NORM
  t=164  layer=164   op=RELU
  t=165  layer=165   op=CONV2D
  t=166  layer=166   op=BATCH_NORM
  t=167  layer=167   op=RELU
  t=168  layer=168   op=MAXPOOL
  t=169  layer=169   op=CONV2D
  t=170  layer=170   op=BATCH_NORM
  t=171  layer=171   op=RELU
  t=172  layer=172   op=CONCAT
  t=173  layer=173   op=CONV2D
  t=174  layer=174   op=BATCH_NORM
  t=175  layer=175   op=RELU
  t=176  layer=176   op=CONV2D
  t=177  layer=177   op=BATCH_NORM
  t=178  layer=178   op=RELU
  t=179  layer=179   op=CONV2D
  t=180  layer=180   op=BATCH_NORM
  t=181  layer=181   op=RELU
  t=182  layer=182   op=CONV2D
  t=183  layer=183   op=BATCH_NORM
  t=184  layer=184   op=RELU
  t=185  layer=185   op=CONV2D
  t=186  layer=186   op=BATCH_NORM
  t=187  layer=187   op=RELU
  t=188  layer=188   op=MAXPOOL
  t=189  layer=189   op=CONV2D
  t=190  layer=190   op=BATCH_NORM
  t=191  layer=191   op=RELU
  t=192  layer=192   op=CONCAT
  t=193  layer=193   op=REDUCE_MEAN
  t=194  layer=194   op=DENSE
  t=195  layer=195   op=SOFTMAX

--- FOM LIST (all tensors, sorted by FoM descending) ---
   tensor    size_KB produced last_used        fom  pinned  reclaimed_src
        3    1568.00        2         3    78.9001  True    True
        9    1176.00        9        10    78.9001  True    True
       42     735.00       50        51    78.9001  True    True
      159    1568.00        0         1    78.9001  True    False
      163    1176.00        7         8    78.9000  True    False
      160    1568.00        1         2    78.9000  False   False
      123     318.50      151       152    78.9000  True    True
      164    1176.00        8         9    78.9000  False   False
      161     392.00        4         5    78.9000  True    True
      179     294.00       44        45    78.9000  True    True
      162     392.00        5         6    78.9000  True    True
      169     196.00       27        28    78.9000  True    True
      177     196.00       31        32    78.9000  True    True
      185     196.00       37        38    78.9000  True    True
      167     147.00       14        15    78.9000  True    True
      180     294.00       45        46    78.9000  True    True
      183     147.00       47        48    78.9000  True    True
      241     122.50      145       146    78.9000  True    True
      229     110.25      125       126    78.9000  True    True
      165      98.00       11        12    78.9000  True    True
      170     196.00       28        29    78.9000  True    True
      178     196.00       32        33    78.9000  True    True
      186     196.00       38        39    78.9000  True    True
      187      98.00       41        42    78.9000  True    True
      217      98.00      108       109    78.9000  True    True
      237      98.00      132       133    78.9000  True    True
      205      85.75       88        89    78.9000  True    True
      193      79.62       68        69    78.9000  True    True
      168     147.00       15        16    78.9000  True    True
      184     147.00       48        49    78.9000  True    True
      189      73.50       52        53    78.9000  True    True
      201      61.25       72        73    78.9000  True    True
      239      61.25      135       136    78.9000  True    True
      242     122.50      146       147    78.9000  True    True
      227      55.12      115       116    78.9000  True    True
      230     110.25      126       127    78.9000  True    True
      166      98.00       12        13    78.9000  True    True
      173      49.00       20        21    78.9000  True    True
      175      49.00       24        25    78.9000  True    True
      181      49.00       34        35    78.9000  True    True
      188      98.00       42        43    78.9000  True    True
      213      49.00       98        99    78.9000  True    True
      215      49.00      101       102    78.9000  True    True
      218      98.00      109       110    78.9000  True    True
      238      98.00      133       134    78.9000  True    True
      245      49.00      148       149    78.9000  True    True
      247      49.00      142       143    78.9000  True    True
      203      42.88       75        76    78.9000  True    True
      206      85.75       89        90    78.9000  True    True
      225      42.88      112       113    78.9000  True    True
      194      79.62       69        70    78.9000  True    True
      190      73.50       53        54    78.9000  True    True
      191      36.75       55        56    78.9000  True    True
      261      36.75      173       174    78.9000  True    True
      265      36.75      179       180    78.9000  True    True
      202      61.25       73        74    78.9000  True    True
      240      61.25      136       137    78.9000  True    True
      253      30.62      159       160    78.9000  True    True
      228      55.12      116       117    78.9000  True    True
      171      24.50       17        18    78.9000  True    True
      174      49.00       21        22    78.9000  True    True
      176      49.00       25        26    78.9000  True    True
      182      49.00       35        36    78.9000  True    True
      199      24.50       65        66    78.9000  True    True
      209      24.50       81        82    78.9000  True    True
      211      24.50       85        86    78.9000  True    True
      214      49.00       99       100    78.9000  True    True
      216      49.00      102       103    78.9000  True    True
      221      24.50       95        96    78.9000  True    True
      223      24.50      105       106    78.9000  True    True
      233      24.50      128       129    78.9000  True    True
      235      24.50      122       123    78.9000  True    True
      246      49.00      149       150    78.9000  True    True
      248      49.00      143       144    78.9000  True    True
      249      24.50      153       154    78.9000  True    True
      204      42.88       76        77    78.9000  True    True
      226      42.88      113       114    78.9000  True    True
      192      36.75       56        57    78.9000  True    True
      197      18.38       61        62    78.9000  True    True
      262      36.75      174       175    78.9000  True    True
      263      18.38      176       177    78.9000  True    True
      266      36.75      180       181    78.9000  True    True
      251      15.31      156       157    78.9000  True    True
      254      30.62      160       161    78.9000  True    True
      172      24.50       18        19    78.9000  True    True
      200      24.50       66        67    78.9000  True    True
      210      24.50       82        83    78.9000  True    True
      212      24.50       86        87    78.9000  True    True
      222      24.50       96        97    78.9000  True    True
      224      24.50      106       107    78.9000  True    True
      231      12.25      118       119    78.9000  True    True
      234      24.50      129       130    78.9000  True    True
      236      24.50      123       124    78.9000  True    True
      243      12.25      138       139    78.9000  True    True
      250      24.50      154       155    78.9000  True    True
      257      12.25      165       166    78.9000  True    True
      259      12.25      169       170    78.9000  True    True
      269      12.25      185       186    78.9000  True    True
      271      12.25      189       190    78.9000  True    True
      198      18.38       62        63    78.9000  True    True
      207       9.19       78        79    78.9000  True    True
      219       9.19       92        93    78.9000  True    True
      264      18.38      177       178    78.9000  True    True
      252      15.31      157       158    78.9000  True    True
      195       6.12       58        59    78.9000  True    True
      232      12.25      119       120    78.9000  True    True
      244      12.25      139       140    78.9000  True    True
      258      12.25      166       167    78.9000  True    True
      260      12.25      170       171    78.9000  True    True
      270      12.25      186       187    78.9000  True    True
      272      12.25      190       191    78.9000  True    True
      208       9.19       79        80    78.9000  True    True
      220       9.19       93        94    78.9000  True    True
      267       4.59      182       183    78.9000  True    True
      196       6.12       59        60    78.9000  True    True
      255       3.06      162       163    78.9000  True    True
      268       4.59      183       184    78.9000  True    True
      153      98.00      192       193    78.9000  True    True
      157       1.95      194       195    78.9000  True    True
      256       3.06      163       164    78.9000  True    True
       18     196.00       29        30    78.9000  True    True
       36     147.00       49        50    78.9000  True    False
       50      79.62       70        71    78.9000  True    True
       68      85.75       90        91    78.9000  True    True
       84      98.00      110       111    78.9000  True    True
      104      24.50      130       131    78.9000  True    True
      119      49.00      150       151    78.9000  True    False
      137      12.25      171       172    78.9000  True    True
      152      12.25      191       192    78.9000  True    False
        6     392.00        6         7    78.4232  True    False
       25     294.00       23        24    78.4159  True    False
        4     392.00        3         4    78.4087  True    False
       39     392.00       40        41    78.4087  True    False
       74     196.00       84        85    78.4082  True    False
       89     196.00      104       105    78.4082  True    False
      105     196.00      121       122    78.4082  True    False
       56     183.75       64        65    78.4082  True    False
      120     202.12      141       142    78.4048  True    False
      135      79.62      168       169    78.4043  True    False
      150      79.62      188       189    78.4043  True    False
      143      18.38      178       179    78.4023  True    False
       21      24.50       19        20    78.4020  True    False
      128      15.31      158       159    78.4017  True    False
       52       6.12       60        61    78.4012  True    False
       71       9.19       80        81    78.4010  True    False
       86       9.19       94        95    78.4010  True    False
      147       4.59      184       185    78.4006  True    False
      155       2.00      193       194    78.4006  True    False
      132       3.06      164       165    78.4006  True    False
      158       1.95      195       195    78.4000  True    False
       27      49.00       26        30    20.1000  True    True
       32     294.00       46        50    20.1000  True    False
       58      24.50       67        71    20.1000  True    True
       76      24.50       87        91    20.1000  True    True
       91      24.50      107       111    20.1000  True    True
      100     110.25      127       131    20.1000  True    True
      115     122.50      147       151    20.1000  True    False
      134      12.25      167       172    16.1800  True    True
      149      12.25      187       192    16.1800  True    False
       81      49.00      103       108    15.6840  True    False
       28     392.00       30        40    11.7274  True    False
       92     196.00      111       121    11.7255  True    False
      108     202.12      131       141    11.7238  True    False
       41      98.00       43        50    11.7000  True    False
      107      24.50      124       131    11.7000  True    False
      122      49.00      144       151    11.7000  True    False
       24      49.00       22        30    10.3000  True    False
       55      18.38       63        71    10.3000  True    True
       73      24.50       83        91    10.3000  True    True
      112      61.25      137       145     9.8061  True    False
       97      55.12      117       125     9.8050  True    False
      102      12.25      120       128     9.8011  True    False
      117      12.25      140       148     9.8009  True    False
       10     294.00       10        23     8.3861  True    False
       43     183.75       51        64     8.3810  True    False
       77     196.00       91       104     8.3706  True    False
       59     196.00       71        84     8.3704  True    False
       38     196.00       39        50     7.6273  True    False
       79      49.00      100       111     7.6273  True    False
      130      30.62      161       172     7.6273  True    True
      145      36.75      181       192     7.6273  True    False
       30     196.00       33        44     7.1390  True    False
       15     147.00       16        27     7.1334  True    False
       65      42.88       77        88     7.1304  True    False
       47      36.75       57        68     7.1299  True    False
       34      49.00       36        47     7.1293  True    False
      124      79.62      152       168     6.5527  True    False
      138      79.62      172       188     6.5468  True    False
       88      24.50       97       111     6.1000  True    False
       12      98.00       13        30     5.1118  True    False
       45      73.50       54        71     5.1118  True    False
       62      61.25       74        91     5.1118  True    False
       94      42.88      114       131     5.1118  True    False
      110      98.00      134       151     5.1118  True    False
      126      24.50      155       172     5.1118  True    False
      141      36.75      175       192     5.1118  True    False

--- PIN DURATION SUMMARY ---
  total tensors:                         196
  pinned:                                 194
  pinned for MORE than one timestep:      71  [4, 6, 10, 12, 15, 21, 24, 25, 27, 28, 30, 32, 34, 36, 38, 39, 41, 43, 45, 47, 52, 55, 56, 58, 59, 62, 65, 71, 73, 74, 76, 77, 79, 81, 86, 88, 89, 91, 92, 94, 97, 100, 102, 105, 107, 108, 110, 112, 115, 117, 119, 120, 122, 124, 126, 128, 130, 132, 134, 135, 138, 141, 143, 145, 147, 149, 150, 152, 155, 159, 163]
  pinned for exactly one timestep:        123  [3, 9, 18, 42, 50, 68, 84, 104, 123, 137, 153, 157, 158, 161, 162, 165, 166, 167, 168, 169, 170, 171, 172, 173, 174, 175, 176, 177, 178, 179, 180, 181, 182, 183, 184, 185, 186, 187, 188, 189, 190, 191, 192, 193, 194, 195, 196, 197, 198, 199, 200, 201, 202, 203, 204, 205, 206, 207, 208, 209, 210, 211, 212, 213, 214, 215, 216, 217, 218, 219, 220, 221, 222, 223, 224, 225, 226, 227, 228, 229, 230, 231, 232, 233, 234, 235, 236, 237, 238, 239, 240, 241, 242, 243, 244, 245, 246, 247, 248, 249, 250, 251, 252, 253, 254, 255, 256, 257, 258, 259, 260, 261, 262, 263, 264, 265, 266, 267, 268, 269, 270, 271, 272]
  not pinned (oversized, size > budget):  0
  not pinned (lost FoM competition):      2
[OnSRAM SPM] verified 196 timesteps, peak occupancy 1605632/2097152 bytes, 0 violations
[OnSRAM SPM] 131 of 131 Overwrite Optimization hand-off read(s) ('H') served from SPM
[OnSRAM SPM] 57 of 57 simulated layers keep their output on-chip (pinned); the other 0 write it back to DRAM
[OnSRAM SPM] budget-vs-working-set check: 0 of 196 timesteps exceed the 2097152-byte budget
[OnSRAM SPM] ifmap fits its share of the free room on all 196 timesteps
[OnSRAM SPM] ofmap fits its share of the free room on all 196 timesteps
[OnSRAM SPM] filter fits its share of the free room on all 196 timesteps

--- REAL SCALE-SIM RESULTS (Phase D: scale_sim_runner.run_onsram_aware()) ---
  baseline DRAM bytes (no SPM mgmt):        68,458,896
  OnSRAM-aware DRAM bytes:                   19,154,016
  DRAM traffic reduction:                        72.02%
    of which, ifmap residency credit:        27,445,616 bytes (pinned tensors read from SPM instead of DRAM)
    of which, ofmap residency credit:        21,859,264 bytes (pinned outputs not written back to DRAM)
  baseline total cycles:                      2,965,926
  OnSRAM-aware total cycles:                   1,847,312
  speedup (baseline_cycles / onsram_cycles): 1.6055x
  memory-bound layers: baseline=156, onsram-aware=5 (of 196 total)
  inf-SPM ceiling (every activation on-chip, weights once): 1,671,696 cycles, 1.7742x
