model: /home/george/Desktop/SCALE-Sim/cosma/_exported/MobileNetV2/model.json
paper_name: MobileNetV2
spm_budget_mb: 2.0000
config: /home/george/Desktop/SCALE-Sim/configs/scale_onsram.cfg
============================================================
OnSRAM-Static @ 2.00 MB: 64/65 COSMA-tracked tensors pinned (98.5%)
  [OK] 64/65 pinned, independently replayed with no physical inconsistency; peak 1.1484 MB / 2.00 MB budget (oversized excluded: [12])

--- SCHEDULE (BFS-DFS hybrid execution order) ---
  t=0    layer=0     op=CONV2D
  t=1    layer=1     op=DEPTHWISE_CONV2D
  t=2    layer=2     op=CONV2D
  t=3    layer=3     op=CONV2D
  t=4    layer=4     op=DEPTHWISE_CONV2D
  t=5    layer=5     op=CONV2D
  t=6    layer=6     op=CONV2D
  t=7    layer=7     op=DEPTHWISE_CONV2D
  t=8    layer=8     op=CONV2D
  t=9    layer=9     op=ADD
  t=10   layer=10    op=CONV2D
  t=11   layer=11    op=DEPTHWISE_CONV2D
  t=12   layer=12    op=CONV2D
  t=13   layer=13    op=CONV2D
  t=14   layer=14    op=DEPTHWISE_CONV2D
  t=15   layer=15    op=CONV2D
  t=16   layer=16    op=ADD
  t=17   layer=17    op=CONV2D
  t=18   layer=18    op=DEPTHWISE_CONV2D
  t=19   layer=19    op=CONV2D
  t=20   layer=20    op=ADD
  t=21   layer=21    op=CONV2D
  t=22   layer=22    op=DEPTHWISE_CONV2D
  t=23   layer=23    op=CONV2D
  t=24   layer=24    op=CONV2D
  t=25   layer=25    op=DEPTHWISE_CONV2D
  t=26   layer=26    op=CONV2D
  t=27   layer=27    op=ADD
  t=28   layer=28    op=CONV2D
  t=29   layer=29    op=DEPTHWISE_CONV2D
  t=30   layer=30    op=CONV2D
  t=31   layer=31    op=ADD
  t=32   layer=32    op=CONV2D
  t=33   layer=33    op=DEPTHWISE_CONV2D
  t=34   layer=34    op=CONV2D
  t=35   layer=35    op=ADD
  t=36   layer=36    op=CONV2D
  t=37   layer=37    op=DEPTHWISE_CONV2D
  t=38   layer=38    op=CONV2D
  t=39   layer=39    op=CONV2D
  t=40   layer=40    op=DEPTHWISE_CONV2D
  t=41   layer=41    op=CONV2D
  t=42   layer=42    op=ADD
  t=43   layer=43    op=CONV2D
  t=44   layer=44    op=DEPTHWISE_CONV2D
  t=45   layer=45    op=CONV2D
  t=46   layer=46    op=ADD
  t=47   layer=47    op=CONV2D
  t=48   layer=48    op=DEPTHWISE_CONV2D
  t=49   layer=49    op=CONV2D
  t=50   layer=50    op=CONV2D
  t=51   layer=51    op=DEPTHWISE_CONV2D
  t=52   layer=52    op=CONV2D
  t=53   layer=53    op=ADD
  t=54   layer=54    op=CONV2D
  t=55   layer=55    op=DEPTHWISE_CONV2D
  t=56   layer=56    op=CONV2D
  t=57   layer=57    op=ADD
  t=58   layer=58    op=CONV2D
  t=59   layer=59    op=DEPTHWISE_CONV2D
  t=60   layer=60    op=CONV2D
  t=61   layer=61    op=CONV2D
  t=62   layer=62    op=REDUCE_MEAN
  t=63   layer=63    op=DENSE
  t=64   layer=64    op=SOFTMAX

--- FOM LIST (all tensors, sorted by FoM descending) ---
   tensor    size_KB produced last_used        fom  pinned  reclaimed_src
       27     147.00        8         9    26.5000  True    True
       46      49.00       15        16    26.5000  True    True
       56      49.00       19        20    26.5000  True    True
      114      36.75       41        42    26.5000  True    True
      124      36.75       45        46    26.5000  True    True
       75      24.50       26        27    26.5000  True    True
       85      24.50       30        31    26.5000  True    True
       95      24.50       34        35    26.5000  True    True
      143      15.31       52        53    26.5000  True    True
      153      15.31       56        57    26.5000  True    True
      166     122.50       61        62    26.5000  True    True
      171       1.95       63        64    26.5000  True    True
       21     882.00        6         7    26.0569  True    True
        3     784.00        0         1    26.0568  True    True
       12    2352.00        3         4    26.0565  False   False
       40     294.00       13        14    26.0560  True    True
       50     294.00       17        18    26.0560  True    True
       31     882.00       10        11    26.0559  True    True
      108     220.50       39        40    26.0559  True    True
      118     220.50       43        44    26.0559  True    True
       69     147.00       24        25    26.0558  True    True
       79     147.00       28        29    26.0558  True    True
       89     147.00       32        33    26.0558  True    True
       99     147.00       36        37    26.0558  True    True
      137      91.88       50        51    26.0557  True    True
      147      91.88       54        55    26.0557  True    True
      157      91.88       58        59    26.0557  True    True
       60     294.00       21        22    26.0557  True    True
      128     220.50       47        48    26.0556  True    True
        6     784.00        1         2    26.0334  True    True
       24     882.00        7         8    26.0244  True    False
       15     588.00        4         5    26.0232  True    True
       43     294.00       14        15    26.0172  True    False
       53     294.00       18        19    26.0172  True    False
       34     220.50       11        12    26.0168  True    True
        9     392.00        2         3    26.0116  True    False
       72     147.00       25        26    26.0094  True    False
       82     147.00       29        30    26.0094  True    False
       92     147.00       33        34    26.0094  True    False
      111     220.50       40        41    26.0088  True    False
      121     220.50       44        45    26.0088  True    False
       63      73.50       22        23    26.0086  True    True
      102     147.00       37        38    26.0076  True    True
       28     147.00        9        10    26.0071  True    False
      163      30.62       60        61    26.0071  True    False
      160      91.88       59        60    26.0066  True    False
      140      91.88       51        52    26.0056  True    False
      150      91.88       55        56    26.0056  True    False
      131      55.12       48        49    26.0046  True    True
      125      36.75       46        47    26.0045  True    False
       57      49.00       20        21    26.0042  True    False
      154      15.31       57        58    26.0030  True    False
       96      24.50       35        36    26.0029  True    False
      168       2.50       62        63    26.0008  True    False
      172       1.95       64        64    26.0000  True    False
       18     147.00        5         9     9.1738  True    False
      105      36.75       38        42     9.1711  True    True
      115      36.75       42        46     9.1711  True    False
       37      49.00       12        16     9.1709  True    True
       47      49.00       16        20     9.1709  True    False
      134      15.31       49        53     9.1697  True    True
      144      15.31       53        57     9.1697  True    False
       66      24.50       23        27     9.1696  True    True
       76      24.50       27        31     9.1696  True    True
       86      24.50       31        35     9.1696  True    False

--- PIN DURATION SUMMARY ---
  total tensors:                         65
  pinned:                                 64
  pinned for MORE than one timestep:      29  [9, 18, 24, 28, 37, 43, 47, 53, 57, 66, 72, 76, 82, 86, 92, 96, 105, 111, 115, 121, 125, 134, 140, 144, 150, 154, 160, 163, 168]
  pinned for exactly one timestep:        35  [3, 6, 15, 21, 27, 31, 34, 40, 46, 50, 56, 60, 63, 69, 75, 79, 85, 89, 95, 99, 102, 108, 114, 118, 124, 128, 131, 137, 143, 147, 153, 157, 166, 171, 172]
  not pinned (oversized, size > budget):  1
  not pinned (lost FoM competition):      0
[OnSRAM SPM] verified 65 timesteps, peak occupancy 1204224/2097152 bytes, 0 violations
[OnSRAM SPM] 39 of 39 Overwrite Optimization hand-off read(s) ('H') served from SPM
[OnSRAM SPM] 51 of 52 simulated layers keep their output on-chip (pinned); the other 1 write it back to DRAM
[OnSRAM SPM] budget-vs-working-set check: 0 of 65 timesteps exceed the 2097152-byte budget
[OnSRAM SPM] ifmap bigger than its share of the free room on 1 of 65 timestep(s) (worst case 915328 bytes short at t=4, layer 4) -- logged only: under ideal tiling it streams through its share, each element read once
[OnSRAM SPM] ofmap bigger than its share of the free room on 1 of 65 timestep(s) (worst case 715968 bytes short at t=3, layer 3) -- logged only: under ideal tiling it streams through its share, each element read once
[OnSRAM SPM] filter fits its share of the free room on all 65 timesteps

--- REAL SCALE-SIM RESULTS (Phase D: scale_sim_runner.run_onsram_aware()) ---
  baseline DRAM bytes (no SPM mgmt):        35,298,560
  OnSRAM-aware DRAM bytes:                   12,093,584
  DRAM traffic reduction:                        65.74%
    of which, ifmap residency credit:        11,817,872 bytes (pinned tensors read from SPM instead of DRAM)
    of which, ofmap residency credit:        11,387,104 bytes (pinned outputs not written back to DRAM)
  baseline total cycles:                      1,188,935
  OnSRAM-aware total cycles:                     733,554
  speedup (baseline_cycles / onsram_cycles): 1.6208x
  memory-bound layers: baseline=51, onsram-aware=3 (of 65 total)
  inf-SPM ceiling (every activation on-chip, weights once): 630,592 cycles, 1.8854x
