model: /home/george/Desktop/SCALE-Sim/cosma/_exported/MobileNet_unfused/model.json
paper_name: MobileNetV1
spm_budget_mb: 2.0000
config: /home/george/Desktop/SCALE-Sim/configs/scale_onsram.cfg
============================================================
OnSRAM-Static @ 2.00 MB: 84/85 COSMA-tracked tensors pinned (98.8%)
  [OK] 84/85 pinned, independently replayed with no physical inconsistency; peak 1.9141 MB / 2.00 MB budget (oversized excluded: [])

--- SCHEDULE (BFS-DFS hybrid execution order) ---
  t=0    layer=0     op=CONV2D
  t=1    layer=1     op=BATCH_NORM
  t=2    layer=2     op=RELU6
  t=3    layer=3     op=DEPTHWISE_CONV2D
  t=4    layer=4     op=BATCH_NORM
  t=5    layer=5     op=RELU6
  t=6    layer=6     op=CONV2D
  t=7    layer=7     op=BATCH_NORM
  t=8    layer=8     op=RELU6
  t=9    layer=9     op=DEPTHWISE_CONV2D
  t=10   layer=10    op=BATCH_NORM
  t=11   layer=11    op=RELU6
  t=12   layer=12    op=CONV2D
  t=13   layer=13    op=BATCH_NORM
  t=14   layer=14    op=RELU6
  t=15   layer=15    op=DEPTHWISE_CONV2D
  t=16   layer=16    op=BATCH_NORM
  t=17   layer=17    op=RELU6
  t=18   layer=18    op=CONV2D
  t=19   layer=19    op=BATCH_NORM
  t=20   layer=20    op=RELU6
  t=21   layer=21    op=DEPTHWISE_CONV2D
  t=22   layer=22    op=BATCH_NORM
  t=23   layer=23    op=RELU6
  t=24   layer=24    op=CONV2D
  t=25   layer=25    op=BATCH_NORM
  t=26   layer=26    op=RELU6
  t=27   layer=27    op=DEPTHWISE_CONV2D
  t=28   layer=28    op=BATCH_NORM
  t=29   layer=29    op=RELU6
  t=30   layer=30    op=CONV2D
  t=31   layer=31    op=BATCH_NORM
  t=32   layer=32    op=RELU6
  t=33   layer=33    op=DEPTHWISE_CONV2D
  t=34   layer=34    op=BATCH_NORM
  t=35   layer=35    op=RELU6
  t=36   layer=36    op=CONV2D
  t=37   layer=37    op=BATCH_NORM
  t=38   layer=38    op=RELU6
  t=39   layer=39    op=DEPTHWISE_CONV2D
  t=40   layer=40    op=BATCH_NORM
  t=41   layer=41    op=RELU6
  t=42   layer=42    op=CONV2D
  t=43   layer=43    op=BATCH_NORM
  t=44   layer=44    op=RELU6
  t=45   layer=45    op=DEPTHWISE_CONV2D
  t=46   layer=46    op=BATCH_NORM
  t=47   layer=47    op=RELU6
  t=48   layer=48    op=CONV2D
  t=49   layer=49    op=BATCH_NORM
  t=50   layer=50    op=RELU6
  t=51   layer=51    op=DEPTHWISE_CONV2D
  t=52   layer=52    op=BATCH_NORM
  t=53   layer=53    op=RELU6
  t=54   layer=54    op=CONV2D
  t=55   layer=55    op=BATCH_NORM
  t=56   layer=56    op=RELU6
  t=57   layer=57    op=DEPTHWISE_CONV2D
  t=58   layer=58    op=BATCH_NORM
  t=59   layer=59    op=RELU6
  t=60   layer=60    op=CONV2D
  t=61   layer=61    op=BATCH_NORM
  t=62   layer=62    op=RELU6
  t=63   layer=63    op=DEPTHWISE_CONV2D
  t=64   layer=64    op=BATCH_NORM
  t=65   layer=65    op=RELU6
  t=66   layer=66    op=CONV2D
  t=67   layer=67    op=BATCH_NORM
  t=68   layer=68    op=RELU6
  t=69   layer=69    op=DEPTHWISE_CONV2D
  t=70   layer=70    op=BATCH_NORM
  t=71   layer=71    op=RELU6
  t=72   layer=72    op=CONV2D
  t=73   layer=73    op=BATCH_NORM
  t=74   layer=74    op=RELU6
  t=75   layer=75    op=DEPTHWISE_CONV2D
  t=76   layer=76    op=BATCH_NORM
  t=77   layer=77    op=RELU6
  t=78   layer=78    op=CONV2D
  t=79   layer=79    op=BATCH_NORM
  t=80   layer=80    op=RELU6
  t=81   layer=81    op=REDUCE_MEAN
  t=82   layer=82    op=CONV2D
  t=83   layer=83    op=BIAS_ADD
  t=84   layer=84    op=SOFTMAX

--- FOM LIST (all tensors, sorted by FoM descending) ---
   tensor    size_KB produced last_used        fom  pinned  reclaimed_src
       93    1568.00        6         7    34.5001  True    True
       89     784.00        0         1    34.5001  True    True
       91     784.00        3         4    34.5001  True    True
       94    1568.00        7         8    34.5001  True    True
       97     784.00       12        13    34.5001  True    True
       99     784.00       15        16    34.5001  True    True
      101     784.00       18        19    34.5001  True    True
       90     784.00        1         2    34.5000  True    True
       92     784.00        4         5    34.5000  True    False
       95     392.00        9        10    34.5000  True    True
       98     784.00       13        14    34.5000  True    True
      100     784.00       16        17    34.5000  True    True
      102     784.00       19        20    34.5000  True    True
      105     392.00       24        25    34.5000  True    True
      107     392.00       27        28    34.5000  True    True
      109     392.00       30        31    34.5000  True    True
       96     392.00       10        11    34.5000  True    True
      103     196.00       21        22    34.5000  True    True
      106     392.00       25        26    34.5000  True    True
      108     392.00       28        29    34.5000  True    True
      110     392.00       31        32    34.5000  True    True
      113     196.00       36        37    34.5000  True    True
      115     196.00       39        40    34.5000  True    True
      117     196.00       42        43    34.5000  True    True
      119     196.00       45        46    34.5000  True    True
      121     196.00       48        49    34.5000  True    True
      123     196.00       51        52    34.5000  True    True
      125     196.00       54        55    34.5000  True    True
      127     196.00       57        58    34.5000  True    True
      129     196.00       60        61    34.5000  True    True
      131     196.00       63        64    34.5000  True    True
      133     196.00       66        67    34.5000  True    True
      104     196.00       22        23    34.5000  True    True
      111      98.00       33        34    34.5000  True    True
      114     196.00       37        38    34.5000  True    True
      116     196.00       40        41    34.5000  True    True
      118     196.00       43        44    34.5000  True    True
      120     196.00       46        47    34.5000  True    True
      122     196.00       49        50    34.5000  True    True
      124     196.00       52        53    34.5000  True    True
      126     196.00       55        56    34.5000  True    True
      128     196.00       58        59    34.5000  True    True
      130     196.00       61        62    34.5000  True    True
      132     196.00       64        65    34.5000  True    True
      134     196.00       67        68    34.5000  True    True
      137      98.00       72        73    34.5000  True    True
      139      98.00       75        76    34.5000  True    True
      141      98.00       78        79    34.5000  True    True
      112      98.00       34        35    34.5000  True    True
      135      49.00       69        70    34.5000  True    True
      138      98.00       73        74    34.5000  True    True
      140      98.00       76        77    34.5000  True    True
      142      98.00       79        80    34.5000  True    True
      136      49.00       70        71    34.5000  True    True
       81      98.00       80        81    34.5000  True    True
      143       1.95       82        83    34.5000  True    True
       86       1.95       83        84    34.5000  True    True
        3     784.00        2         3    34.0562  True    False
       15     784.00       14        15    34.0562  True    False
        9    1568.00        8         9    34.0559  True    False
       27     392.00       26        27    34.0559  True    False
       21     784.00       20        21    34.0557  True    False
       39     196.00       38        39    34.0557  True    False
       45     196.00       44        45    34.0557  True    False
       51     196.00       50        51    34.0557  True    False
       57     196.00       56        57    34.0557  True    False
       63     196.00       62        63    34.0557  True    False
       33     392.00       32        33    34.0556  True    False
       75      98.00       74        75    34.0556  True    False
       69     196.00       68        69    34.0556  True    False
       18     784.00       17        18    34.0128  True    False
        6     784.00        5         6    34.0123  False   False
       30     392.00       29        30    34.0109  True    False
       42     196.00       41        42    34.0099  True    False
       48     196.00       47        48    34.0099  True    False
       54     196.00       53        54    34.0099  True    False
       60     196.00       59        60    34.0099  True    False
       66     196.00       65        66    34.0099  True    False
       78      98.00       77        78    34.0094  True    False
       12     392.00       11        12    34.0084  True    False
       24     196.00       23        24    34.0064  True    False
       36      98.00       35        36    34.0054  True    False
       72      49.00       71        72    34.0049  True    False
       83       2.00       81        82    34.0007  True    False
       88       1.95       84        84    34.0000  True    False

--- PIN DURATION SUMMARY ---
  total tensors:                         85
  pinned:                                 84
  pinned for MORE than one timestep:      27  [3, 9, 12, 15, 18, 21, 24, 27, 30, 33, 36, 39, 42, 45, 48, 51, 54, 57, 60, 63, 66, 69, 72, 75, 78, 83, 92]
  pinned for exactly one timestep:        57  [81, 86, 88, 89, 90, 91, 93, 94, 95, 96, 97, 98, 99, 100, 101, 102, 103, 104, 105, 106, 107, 108, 109, 110, 111, 112, 113, 114, 115, 116, 117, 118, 119, 120, 121, 122, 123, 124, 125, 126, 127, 128, 129, 130, 131, 132, 133, 134, 135, 136, 137, 138, 139, 140, 141, 142, 143]
  not pinned (oversized, size > budget):  0
  not pinned (lost FoM competition):      1
[OnSRAM SPM] verified 85 timesteps, peak occupancy 2007040/2097152 bytes, 0 violations
[OnSRAM SPM] 56 of 56 Overwrite Optimization hand-off read(s) ('H') served from SPM
[OnSRAM SPM] 28 of 28 simulated layers keep their output on-chip (pinned); the other 0 write it back to DRAM
[OnSRAM SPM] WARNING: 1 of 85 timestep(s) would exceed the 2097152-byte budget under the OLD, fully-unconstrained filter/weight treatment (layer's full filter bytes on top of what's resident; see the filter line below); worst case 202752 bytes over at t=78 (layer 78)
[OnSRAM SPM] ifmap fits its share of the free room on all 85 timesteps
[OnSRAM SPM] ofmap bigger than its share of the free room on 1 of 85 timestep(s) (worst case 315520 bytes short at t=6, layer 6) -- logged only: under ideal tiling it streams through its share, each element read once
[OnSRAM SPM] filter bigger than its share of the free room on 1 of 85 timestep(s) (worst case 202752 bytes short at t=78, layer 78) -- logged only: under ideal tiling it streams through its share, each element read once

--- REAL SCALE-SIM RESULTS (Phase D: scale_sim_runner.run_onsram_aware()) ---
  baseline DRAM bytes (no SPM mgmt):        69,269,472
  OnSRAM-aware DRAM bytes:                   10,348,752
  DRAM traffic reduction:                        85.06%
    of which, ifmap residency credit:        29,459,360 bytes (pinned tensors read from SPM instead of DRAM)
    of which, ofmap residency credit:        29,461,360 bytes (pinned outputs not written back to DRAM)
  baseline total cycles:                      2,446,819
  OnSRAM-aware total cycles:                     881,247
  speedup (baseline_cycles / onsram_cycles): 2.7765x
  memory-bound layers: baseline=73, onsram-aware=1 (of 85 total)
  inf-SPM ceiling (every activation on-chip, weights once): 856,159 cycles, 2.8579x
