model: /home/george/Desktop/SCALE-Sim/cosma/_exported/MobileNet/model.json
paper_name: MobileNetV1
spm_budget_mb: 2.0000
config: /home/george/Desktop/SCALE-Sim/configs/scale_onsram.cfg
============================================================
OnSRAM-Static @ 2.00 MB: 29/30 COSMA-tracked tensors pinned (96.7%)
  [OK] 29/30 pinned, independently replayed with no physical inconsistency; peak 1.5312 MB / 2.00 MB budget (oversized excluded: [])

--- SCHEDULE (BFS-DFS hybrid execution order) ---
  t=0    layer=0     op=CONV2D
  t=1    layer=1     op=DEPTHWISE_CONV2D
  t=2    layer=2     op=CONV2D
  t=3    layer=3     op=DEPTHWISE_CONV2D
  t=4    layer=4     op=CONV2D
  t=5    layer=5     op=DEPTHWISE_CONV2D
  t=6    layer=6     op=CONV2D
  t=7    layer=7     op=DEPTHWISE_CONV2D
  t=8    layer=8     op=CONV2D
  t=9    layer=9     op=DEPTHWISE_CONV2D
  t=10   layer=10    op=CONV2D
  t=11   layer=11    op=DEPTHWISE_CONV2D
  t=12   layer=12    op=CONV2D
  t=13   layer=13    op=DEPTHWISE_CONV2D
  t=14   layer=14    op=CONV2D
  t=15   layer=15    op=DEPTHWISE_CONV2D
  t=16   layer=16    op=CONV2D
  t=17   layer=17    op=DEPTHWISE_CONV2D
  t=18   layer=18    op=CONV2D
  t=19   layer=19    op=DEPTHWISE_CONV2D
  t=20   layer=20    op=CONV2D
  t=21   layer=21    op=DEPTHWISE_CONV2D
  t=22   layer=22    op=CONV2D
  t=23   layer=23    op=DEPTHWISE_CONV2D
  t=24   layer=24    op=CONV2D
  t=25   layer=25    op=DEPTHWISE_CONV2D
  t=26   layer=26    op=CONV2D
  t=27   layer=27    op=REDUCE_MEAN
  t=28   layer=28    op=CONV2D
  t=29   layer=30    op=SOFTMAX

--- FOM LIST (all tensors, sorted by FoM descending) ---
   tensor    size_KB produced last_used        fom  pinned  reclaimed_src
       81      98.00       26        27    12.5000  True    True
       86       1.95       28        29    12.5000  True    True
        3     784.00        0         1    12.0562  True    False
       15     784.00        4         5    12.0562  True    True
        9    1568.00        2         3    12.0559  True    True
       27     392.00        8         9    12.0559  True    True
       21     784.00        6         7    12.0557  True    True
       39     196.00       12        13    12.0557  True    True
       45     196.00       14        15    12.0557  True    True
       51     196.00       16        17    12.0557  True    True
       57     196.00       18        19    12.0557  True    True
       63     196.00       20        21    12.0557  True    True
       33     392.00       10        11    12.0556  True    True
       75      98.00       24        25    12.0556  True    True
       69     196.00       22        23    12.0556  True    True
       18     784.00        5         6    12.0129  True    False
        6     784.00        1         2    12.0123  False   False
       30     392.00        9        10    12.0110  True    False
       42     196.00       13        14    12.0100  True    False
       48     196.00       15        16    12.0100  True    False
       54     196.00       17        18    12.0100  True    False
       60     196.00       19        20    12.0100  True    False
       66     196.00       21        22    12.0100  True    False
       78      98.00       25        26    12.0095  True    False
       12     392.00        3         4    12.0084  True    False
       24     196.00        7         8    12.0065  True    False
       36      98.00       11        12    12.0055  True    False
       72      49.00       23        24    12.0050  True    False
       83       2.00       27        28    12.0007  True    False
       88       1.95       29        29    12.0000  True    False

--- PIN DURATION SUMMARY ---
  total tensors:                         30
  pinned:                                 29
  pinned for MORE than one timestep:      14  [3, 12, 18, 24, 30, 36, 42, 48, 54, 60, 66, 72, 78, 83]
  pinned for exactly one timestep:        15  [9, 15, 21, 27, 33, 39, 45, 51, 57, 63, 69, 75, 81, 86, 88]
  not pinned (oversized, size > budget):  0
  not pinned (lost FoM competition):      1
[OnSRAM SPM] verified 30 timesteps, peak occupancy 1605632/2097152 bytes, 0 violations
[OnSRAM SPM] 14 of 14 Overwrite Optimization hand-off read(s) ('H') served from SPM
[OnSRAM SPM] 27 of 28 simulated layers keep their output on-chip (pinned); the other 1 write it back to DRAM
[OnSRAM SPM] WARNING: 1 of 30 timestep(s) would exceed the 2097152-byte budget under the OLD, fully-unconstrained filter/weight treatment (layer's full filter bytes on top of what's resident; see the filter line below); worst case 202752 bytes over at t=26 (layer 26)
[OnSRAM SPM] ifmap fits its share of the free room on all 30 timesteps
[OnSRAM SPM] ofmap bigger than its share of the free room on 1 of 30 timestep(s) (worst case 315520 bytes short at t=2, layer 2) -- logged only: under ideal tiling it streams through its share, each element read once
[OnSRAM SPM] filter bigger than its share of the free room on 1 of 30 timestep(s) (worst case 202752 bytes short at t=26, layer 26) -- logged only: under ideal tiling it streams through its share, each element read once

--- REAL SCALE-SIM RESULTS (Phase D: scale_sim_runner.run_onsram_aware()) ---
  baseline DRAM bytes (no SPM mgmt):        28,923,968
  OnSRAM-aware DRAM bytes:                   10,348,752
  DRAM traffic reduction:                        64.22%
    of which, ifmap residency credit:         9,286,608 bytes (pinned tensors read from SPM instead of DRAM)
    of which, ofmap residency credit:         9,288,608 bytes (pinned outputs not written back to DRAM)
  baseline total cycles:                      1,186,022
  OnSRAM-aware total cycles:                     868,609
  speedup (baseline_cycles / onsram_cycles): 1.3654x
  memory-bound layers: baseline=18, onsram-aware=1 (of 30 total)
  inf-SPM ceiling (every activation on-chip, weights once): 856,159 cycles, 1.3853x
