model: /home/george/Desktop/SCALE-Sim/cosma/_exported/ResNeT50/model.json
paper_name: ResNet-50
spm_budget_mb: 2.0000
config: /home/george/Desktop/SCALE-Sim/configs/scale_onsram.cfg
============================================================
OnSRAM-Static @ 2.00 MB: 70/75 COSMA-tracked tensors pinned (93.3%)
  [OK] 70/75 pinned, independently replayed with no physical inconsistency; peak 1.9141 MB / 2.00 MB budget (oversized excluded: [])

--- SCHEDULE (BFS-DFS hybrid execution order) ---
  t=0    layer=0     op=PAD
  t=1    layer=1     op=CONV2D
  t=2    layer=2     op=PAD
  t=3    layer=3     op=MAXPOOL
  t=4    layer=4     op=CONV2D
  t=5    layer=5     op=CONV2D
  t=6    layer=6     op=CONV2D
  t=7    layer=7     op=CONV2D
  t=8    layer=8     op=ADD
  t=9    layer=9     op=CONV2D
  t=10   layer=10    op=CONV2D
  t=11   layer=11    op=CONV2D
  t=12   layer=12    op=ADD
  t=13   layer=13    op=CONV2D
  t=14   layer=14    op=CONV2D
  t=15   layer=15    op=CONV2D
  t=16   layer=16    op=ADD
  t=17   layer=17    op=CONV2D
  t=18   layer=18    op=CONV2D
  t=19   layer=19    op=CONV2D
  t=20   layer=20    op=CONV2D
  t=21   layer=21    op=ADD
  t=22   layer=22    op=CONV2D
  t=23   layer=23    op=CONV2D
  t=24   layer=24    op=CONV2D
  t=25   layer=25    op=ADD
  t=26   layer=26    op=CONV2D
  t=27   layer=27    op=CONV2D
  t=28   layer=28    op=CONV2D
  t=29   layer=29    op=ADD
  t=30   layer=30    op=CONV2D
  t=31   layer=31    op=CONV2D
  t=32   layer=32    op=CONV2D
  t=33   layer=33    op=ADD
  t=34   layer=34    op=CONV2D
  t=35   layer=35    op=CONV2D
  t=36   layer=36    op=CONV2D
  t=37   layer=37    op=CONV2D
  t=38   layer=38    op=ADD
  t=39   layer=39    op=CONV2D
  t=40   layer=40    op=CONV2D
  t=41   layer=41    op=CONV2D
  t=42   layer=42    op=ADD
  t=43   layer=43    op=CONV2D
  t=44   layer=44    op=CONV2D
  t=45   layer=45    op=CONV2D
  t=46   layer=46    op=ADD
  t=47   layer=47    op=CONV2D
  t=48   layer=48    op=CONV2D
  t=49   layer=49    op=CONV2D
  t=50   layer=50    op=ADD
  t=51   layer=51    op=CONV2D
  t=52   layer=52    op=CONV2D
  t=53   layer=53    op=CONV2D
  t=54   layer=54    op=ADD
  t=55   layer=55    op=CONV2D
  t=56   layer=56    op=CONV2D
  t=57   layer=57    op=CONV2D
  t=58   layer=58    op=ADD
  t=59   layer=59    op=CONV2D
  t=60   layer=60    op=CONV2D
  t=61   layer=61    op=CONV2D
  t=62   layer=62    op=CONV2D
  t=63   layer=63    op=ADD
  t=64   layer=64    op=CONV2D
  t=65   layer=65    op=CONV2D
  t=66   layer=66    op=CONV2D
  t=67   layer=67    op=ADD
  t=68   layer=68    op=CONV2D
  t=69   layer=69    op=CONV2D
  t=70   layer=70    op=CONV2D
  t=71   layer=71    op=ADD
  t=72   layer=72    op=REDUCE_MEAN
  t=73   layer=73    op=DENSE
  t=74   layer=74    op=SOFTMAX

--- FOM LIST (all tensors, sorted by FoM descending) ---
   tensor    size_KB produced last_used        fom  pinned  reclaimed_src
        7    1624.50        2         3    30.5000  True    True
       20    1568.00        7         8    30.5000  True    False
       30    1568.00       11        12    30.5000  True    False
       40    1568.00       15        16    30.5000  True    True
       53     784.00       20        21    30.5000  True    True
       63     784.00       24        25    30.5000  True    True
       73     784.00       28        29    30.5000  True    True
       83     784.00       32        33    30.5000  True    True
       96     392.00       37        38    30.5000  True    True
      106     392.00       41        42    30.5000  True    True
      116     392.00       45        46    30.5000  True    True
      126     392.00       49        50    30.5000  True    True
      136     392.00       53        54    30.5000  True    True
      146     392.00       57        58    30.5000  True    True
      159     196.00       62        63    30.5000  True    True
      169     196.00       66        67    30.5000  True    True
      179     196.00       70        71    30.5000  True    True
      180     196.00       71        72    30.5000  True    True
      185       1.95       73        74    30.5000  True    True
        5    1568.00        1         2    30.5000  False   False
        8     392.00        3         5    30.0114  True    True
       41    1568.00       16        18    30.0082  True    True
       84     784.00       33        35    30.0058  True    True
      147     392.00       58        60    30.0045  True    True
       14     392.00        5         6    30.0039  True    True
       24     392.00        9        10    30.0039  True    True
       34     392.00       13        14    30.0039  True    True
       47     196.00       18        19    30.0034  True    True
       57     196.00       22        23    30.0034  True    True
       67     196.00       26        27    30.0034  True    True
       77     196.00       30        31    30.0034  True    True
       17     392.00        6         7    30.0033  True    False
       27     392.00       10        11    30.0033  True    False
       37     392.00       14        15    30.0033  True    False
        2     309.96        0         1    30.0032  True    False
       90      98.00       35        36    30.0032  True    True
      100      98.00       39        40    30.0032  True    True
      110      98.00       43        44    30.0032  True    True
      120      98.00       47        48    30.0032  True    True
      130      98.00       51        52    30.0032  True    True
      140      98.00       55        56    30.0032  True    True
      153      49.00       60        61    30.0031  True    True
      163      49.00       64        65    30.0031  True    True
      173      49.00       68        69    30.0031  True    True
       50     196.00       19        20    30.0023  True    False
       60     196.00       23        24    30.0023  True    False
       70     196.00       27        28    30.0023  True    False
       80     196.00       31        32    30.0023  True    False
       93      98.00       36        37    30.0018  True    False
      103      98.00       40        41    30.0018  True    False
      113      98.00       44        45    30.0018  True    False
      123      98.00       48        49    30.0018  True    False
      133      98.00       52        53    30.0018  True    False
      143      98.00       56        57    30.0018  True    False
      156      49.00       61        62    30.0016  True    False
      166      49.00       65        66    30.0016  True    False
      176      49.00       69        70    30.0016  True    False
      182       4.00       72        73    30.0003  True    False
      186       1.95       74        74    30.0000  True    False
       21    1568.00        8        12    10.5092  False   False
       31    1568.00       12        16    10.5092  False   False
       54     784.00       21        25    10.5052  True    True
       64     784.00       25        29    10.5052  True    True
       74     784.00       29        33    10.5052  True    False
       97     392.00       38        42    10.5033  True    True
      107     392.00       42        46    10.5033  True    True
      117     392.00       46        50    10.5033  True    True
      127     392.00       50        54    10.5033  True    True
      137     392.00       54        58    10.5033  True    False
      160     196.00       63        67    10.5023  True    True
      170     196.00       67        71    10.5023  True    False
       11    1568.00        4         8     8.0000  False   False
       44     784.00       17        21     8.0000  False   False
       87     392.00       34        38     8.0000  True    False
      150     196.00       59        63     8.0000  True    False

--- PIN DURATION SUMMARY ---
  total tensors:                         75
  pinned:                                 70
  pinned for MORE than one timestep:      36  [2, 8, 17, 20, 27, 30, 37, 41, 50, 54, 60, 64, 70, 74, 80, 84, 87, 93, 97, 103, 107, 113, 117, 123, 127, 133, 137, 143, 147, 150, 156, 160, 166, 170, 176, 182]
  pinned for exactly one timestep:        34  [7, 14, 24, 34, 40, 47, 53, 57, 63, 67, 73, 77, 83, 90, 96, 100, 106, 110, 116, 120, 126, 130, 136, 140, 146, 153, 159, 163, 169, 173, 179, 180, 185, 186]
  not pinned (oversized, size > budget):  0
  not pinned (lost FoM competition):      5
[OnSRAM SPM] verified 75 timesteps, peak occupancy 2007040/2097152 bytes, 0 violations
[OnSRAM SPM] 44 of 44 Overwrite Optimization hand-off read(s) ('H') served from SPM
[OnSRAM SPM] 50 of 53 simulated layers keep their output on-chip (pinned); the other 3 write it back to DRAM
[OnSRAM SPM] WARNING: 10 of 75 timestep(s) would exceed the 2097152-byte budget under the OLD, fully-unconstrained filter/weight treatment (layer's full filter bytes on top of what's resident; see the filter line below); worst case 2873344 bytes over at t=61 (layer 61)
[OnSRAM SPM] ifmap fits its share of the free room on all 75 timesteps
[OnSRAM SPM] ofmap bigger than its share of the free room on 1 of 75 timestep(s) (worst case 557056 bytes short at t=17, layer 17) -- logged only: under ideal tiling it streams through its share, each element read once
[OnSRAM SPM] filter bigger than its share of the free room on 11 of 75 timestep(s) (worst case 2873344 bytes short at t=61, layer 61) -- logged only: under ideal tiling it streams through its share, each element read once

--- REAL SCALE-SIM RESULTS (Phase D: scale_sim_runner.run_onsram_aware()) ---
  baseline DRAM bytes (no SPM mgmt):       131,806,192
  OnSRAM-aware DRAM bytes:                   69,023,952
  DRAM traffic reduction:                        47.63%
    of which, ifmap residency credit:        35,404,200 bytes (pinned tensors read from SPM instead of DRAM)
    of which, ofmap residency credit:        27,378,040 bytes (pinned outputs not written back to DRAM)
  baseline total cycles:                      6,442,459
  OnSRAM-aware total cycles:                   5,410,832
  speedup (baseline_cycles / onsram_cycles): 1.1907x
  memory-bound layers: baseline=31, onsram-aware=10 (of 75 total)
  inf-SPM ceiling (every activation on-chip, weights once): 5,058,196 cycles, 1.2737x
