model: /home/george/Desktop/SCALE-Sim/cosma/_exported/ResNeXt50_unfused/model.json
paper_name: ResNeXt
spm_budget_mb: 2.0000
config: /home/george/Desktop/SCALE-Sim/configs/scale_onsram.cfg
============================================================
OnSRAM-Static @ 2.00 MB: 166/175 COSMA-tracked tensors pinned (94.9%)
  [OK] 166/175 pinned, independently replayed with no physical inconsistency; peak 1.9141 MB / 2.00 MB budget (oversized excluded: [])

--- SCHEDULE (BFS-DFS hybrid execution order) ---
  t=0    layer=0     op=CONV2D
  t=1    layer=1     op=BATCH_NORM
  t=2    layer=2     op=RELU
  t=3    layer=3     op=MAXPOOL
  t=4    layer=12    op=CONV2D
  t=5    layer=13    op=BATCH_NORM
  t=6    layer=4     op=CONV2D
  t=7    layer=5     op=BATCH_NORM
  t=8    layer=6     op=RELU
  t=9    layer=7     op=CONV2D
  t=10   layer=8     op=BATCH_NORM
  t=11   layer=9     op=RELU
  t=12   layer=10    op=CONV2D
  t=13   layer=11    op=BATCH_NORM
  t=14   layer=14    op=ADD
  t=15   layer=15    op=RELU
  t=16   layer=16    op=CONV2D
  t=17   layer=17    op=BATCH_NORM
  t=18   layer=18    op=RELU
  t=19   layer=19    op=CONV2D
  t=20   layer=20    op=BATCH_NORM
  t=21   layer=21    op=RELU
  t=22   layer=22    op=CONV2D
  t=23   layer=23    op=BATCH_NORM
  t=24   layer=24    op=ADD
  t=25   layer=25    op=RELU
  t=26   layer=26    op=CONV2D
  t=27   layer=27    op=BATCH_NORM
  t=28   layer=28    op=RELU
  t=29   layer=29    op=CONV2D
  t=30   layer=30    op=BATCH_NORM
  t=31   layer=31    op=RELU
  t=32   layer=32    op=CONV2D
  t=33   layer=33    op=BATCH_NORM
  t=34   layer=34    op=ADD
  t=35   layer=35    op=RELU
  t=36   layer=44    op=CONV2D
  t=37   layer=45    op=BATCH_NORM
  t=38   layer=36    op=CONV2D
  t=39   layer=37    op=BATCH_NORM
  t=40   layer=38    op=RELU
  t=41   layer=39    op=CONV2D
  t=42   layer=40    op=BATCH_NORM
  t=43   layer=41    op=RELU
  t=44   layer=42    op=CONV2D
  t=45   layer=43    op=BATCH_NORM
  t=46   layer=46    op=ADD
  t=47   layer=47    op=RELU
  t=48   layer=48    op=CONV2D
  t=49   layer=49    op=BATCH_NORM
  t=50   layer=50    op=RELU
  t=51   layer=51    op=CONV2D
  t=52   layer=52    op=BATCH_NORM
  t=53   layer=53    op=RELU
  t=54   layer=54    op=CONV2D
  t=55   layer=55    op=BATCH_NORM
  t=56   layer=56    op=ADD
  t=57   layer=57    op=RELU
  t=58   layer=58    op=CONV2D
  t=59   layer=59    op=BATCH_NORM
  t=60   layer=60    op=RELU
  t=61   layer=61    op=CONV2D
  t=62   layer=62    op=BATCH_NORM
  t=63   layer=63    op=RELU
  t=64   layer=64    op=CONV2D
  t=65   layer=65    op=BATCH_NORM
  t=66   layer=66    op=ADD
  t=67   layer=67    op=RELU
  t=68   layer=68    op=CONV2D
  t=69   layer=69    op=BATCH_NORM
  t=70   layer=70    op=RELU
  t=71   layer=71    op=CONV2D
  t=72   layer=72    op=BATCH_NORM
  t=73   layer=73    op=RELU
  t=74   layer=74    op=CONV2D
  t=75   layer=75    op=BATCH_NORM
  t=76   layer=76    op=ADD
  t=77   layer=77    op=RELU
  t=78   layer=86    op=CONV2D
  t=79   layer=87    op=BATCH_NORM
  t=80   layer=78    op=CONV2D
  t=81   layer=79    op=BATCH_NORM
  t=82   layer=80    op=RELU
  t=83   layer=81    op=CONV2D
  t=84   layer=82    op=BATCH_NORM
  t=85   layer=83    op=RELU
  t=86   layer=84    op=CONV2D
  t=87   layer=85    op=BATCH_NORM
  t=88   layer=88    op=ADD
  t=89   layer=89    op=RELU
  t=90   layer=90    op=CONV2D
  t=91   layer=91    op=BATCH_NORM
  t=92   layer=92    op=RELU
  t=93   layer=93    op=CONV2D
  t=94   layer=94    op=BATCH_NORM
  t=95   layer=95    op=RELU
  t=96   layer=96    op=CONV2D
  t=97   layer=97    op=BATCH_NORM
  t=98   layer=98    op=ADD
  t=99   layer=99    op=RELU
  t=100  layer=100   op=CONV2D
  t=101  layer=101   op=BATCH_NORM
  t=102  layer=102   op=RELU
  t=103  layer=103   op=CONV2D
  t=104  layer=104   op=BATCH_NORM
  t=105  layer=105   op=RELU
  t=106  layer=106   op=CONV2D
  t=107  layer=107   op=BATCH_NORM
  t=108  layer=108   op=ADD
  t=109  layer=109   op=RELU
  t=110  layer=110   op=CONV2D
  t=111  layer=111   op=BATCH_NORM
  t=112  layer=112   op=RELU
  t=113  layer=113   op=CONV2D
  t=114  layer=114   op=BATCH_NORM
  t=115  layer=115   op=RELU
  t=116  layer=116   op=CONV2D
  t=117  layer=117   op=BATCH_NORM
  t=118  layer=118   op=ADD
  t=119  layer=119   op=RELU
  t=120  layer=120   op=CONV2D
  t=121  layer=121   op=BATCH_NORM
  t=122  layer=122   op=RELU
  t=123  layer=123   op=CONV2D
  t=124  layer=124   op=BATCH_NORM
  t=125  layer=125   op=RELU
  t=126  layer=126   op=CONV2D
  t=127  layer=127   op=BATCH_NORM
  t=128  layer=128   op=ADD
  t=129  layer=129   op=RELU
  t=130  layer=130   op=CONV2D
  t=131  layer=131   op=BATCH_NORM
  t=132  layer=132   op=RELU
  t=133  layer=133   op=CONV2D
  t=134  layer=134   op=BATCH_NORM
  t=135  layer=135   op=RELU
  t=136  layer=136   op=CONV2D
  t=137  layer=137   op=BATCH_NORM
  t=138  layer=138   op=ADD
  t=139  layer=139   op=RELU
  t=140  layer=148   op=CONV2D
  t=141  layer=149   op=BATCH_NORM
  t=142  layer=140   op=CONV2D
  t=143  layer=141   op=BATCH_NORM
  t=144  layer=142   op=RELU
  t=145  layer=143   op=CONV2D
  t=146  layer=144   op=BATCH_NORM
  t=147  layer=145   op=RELU
  t=148  layer=146   op=CONV2D
  t=149  layer=147   op=BATCH_NORM
  t=150  layer=150   op=ADD
  t=151  layer=151   op=RELU
  t=152  layer=152   op=CONV2D
  t=153  layer=153   op=BATCH_NORM
  t=154  layer=154   op=RELU
  t=155  layer=155   op=CONV2D
  t=156  layer=156   op=BATCH_NORM
  t=157  layer=157   op=RELU
  t=158  layer=158   op=CONV2D
  t=159  layer=159   op=BATCH_NORM
  t=160  layer=160   op=ADD
  t=161  layer=161   op=RELU
  t=162  layer=162   op=CONV2D
  t=163  layer=163   op=BATCH_NORM
  t=164  layer=164   op=RELU
  t=165  layer=165   op=CONV2D
  t=166  layer=166   op=BATCH_NORM
  t=167  layer=167   op=RELU
  t=168  layer=168   op=CONV2D
  t=169  layer=169   op=BATCH_NORM
  t=170  layer=170   op=ADD
  t=171  layer=171   op=RELU
  t=172  layer=172   op=REDUCE_MEAN
  t=173  layer=173   op=DENSE
  t=174  layer=174   op=SOFTMAX

--- FOM LIST (all tensors, sorted by FoM descending) ---
   tensor    size_KB produced last_used        fom  pinned  reclaimed_src
        3    1568.00        2         3    70.5000  True    True
      135    1568.00        0         1    70.5000  True    False
      141    1568.00       12        13    70.5000  True    True
      142    1568.00        4         5    70.5000  True    False
      148    1568.00       22        23    70.5000  True    True
      154    1568.00       32        33    70.5000  True    True
      156    1568.00       38        39    70.5000  True    True
      136    1568.00        1         2    70.5000  False   False
      137     784.00        6         7    70.5000  True    True
      139     784.00        9        10    70.5000  True    True
       12    1568.00       13        14    70.5000  True    True
      143    1568.00       14        15    70.5000  True    False
      144     784.00       16        17    70.5000  True    True
      146     784.00       19        20    70.5000  True    True
       21    1568.00       23        24    70.5000  True    True
      149    1568.00       24        25    70.5000  True    False
      150     784.00       26        27    70.5000  True    True
      152     784.00       29        30    70.5000  True    True
       28    1568.00       33        34    70.5000  True    True
      155    1568.00       34        35    70.5000  True    False
      157    1568.00       39        40    70.5000  True    True
      160     784.00       44        45    70.5000  True    True
      161     784.00       36        37    70.5000  True    False
      167     784.00       54        55    70.5000  True    True
      173     784.00       64        65    70.5000  True    True
      179     784.00       74        75    70.5000  True    True
      181     784.00       80        81    70.5000  True    True
      138     784.00        7         8    70.5000  True    True
      140     784.00       10        11    70.5000  True    False
      145     784.00       17        18    70.5000  True    True
      147     784.00       20        21    70.5000  True    False
      151     784.00       27        28    70.5000  True    True
      153     784.00       30        31    70.5000  True    False
      158     392.00       41        42    70.5000  True    True
       36     784.00       45        46    70.5000  True    True
      162     784.00       46        47    70.5000  True    True
      163     392.00       48        49    70.5000  True    True
      165     392.00       51        52    70.5000  True    True
       45     784.00       55        56    70.5000  True    True
      168     784.00       56        57    70.5000  True    True
      169     392.00       58        59    70.5000  True    True
      171     392.00       61        62    70.5000  True    True
       52     784.00       65        66    70.5000  True    True
      174     784.00       66        67    70.5000  True    True
      175     392.00       68        69    70.5000  True    True
      177     392.00       71        72    70.5000  True    True
       59     784.00       75        76    70.5000  True    True
      180     784.00       76        77    70.5000  True    True
      182     784.00       81        82    70.5000  True    True
      185     392.00       86        87    70.5000  True    True
      186     392.00       78        79    70.5000  True    True
      192     392.00       96        97    70.5000  True    True
      198     392.00      106       107    70.5000  True    True
      204     392.00      116       117    70.5000  True    True
      210     392.00      126       127    70.5000  True    True
      216     392.00      136       137    70.5000  True    True
      218     392.00      142       143    70.5000  True    True
      159     392.00       42        43    70.5000  True    True
      164     392.00       49        50    70.5000  True    True
      166     392.00       52        53    70.5000  True    True
      170     392.00       59        60    70.5000  True    True
      172     392.00       62        63    70.5000  True    True
      176     392.00       69        70    70.5000  True    True
      178     392.00       72        73    70.5000  True    True
      183     196.00       83        84    70.5000  True    True
       67     392.00       87        88    70.5000  True    True
      187     392.00       88        89    70.5000  True    True
      188     196.00       90        91    70.5000  True    True
      190     196.00       93        94    70.5000  True    True
       76     392.00       97        98    70.5000  True    True
      193     392.00       98        99    70.5000  True    True
      194     196.00      100       101    70.5000  True    True
      196     196.00      103       104    70.5000  True    True
       83     392.00      107       108    70.5000  True    True
      199     392.00      108       109    70.5000  True    True
      200     196.00      110       111    70.5000  True    True
      202     196.00      113       114    70.5000  True    True
       90     392.00      117       118    70.5000  True    True
      205     392.00      118       119    70.5000  True    True
      206     196.00      120       121    70.5000  True    True
      208     196.00      123       124    70.5000  True    True
       97     392.00      127       128    70.5000  True    True
      211     392.00      128       129    70.5000  True    True
      212     196.00      130       131    70.5000  True    True
      214     196.00      133       134    70.5000  True    True
      104     392.00      137       138    70.5000  True    True
      217     392.00      138       139    70.5000  True    True
      219     392.00      143       144    70.5000  True    True
      222     196.00      148       149    70.5000  True    True
      223     196.00      140       141    70.5000  True    True
      229     196.00      158       159    70.5000  True    True
      235     196.00      168       169    70.5000  True    True
      184     196.00       84        85    70.5000  True    True
      189     196.00       91        92    70.5000  True    True
      191     196.00       94        95    70.5000  True    True
      195     196.00      101       102    70.5000  True    True
      197     196.00      104       105    70.5000  True    True
      201     196.00      111       112    70.5000  True    True
      203     196.00      114       115    70.5000  True    True
      207     196.00      121       122    70.5000  True    True
      209     196.00      124       125    70.5000  True    True
      213     196.00      131       132    70.5000  True    True
      215     196.00      134       135    70.5000  True    True
      220      98.00      145       146    70.5000  True    True
      112     196.00      149       150    70.5000  True    True
      224     196.00      150       151    70.5000  True    True
      225      98.00      152       153    70.5000  True    True
      227      98.00      155       156    70.5000  True    True
      121     196.00      159       160    70.5000  True    True
      230     196.00      160       161    70.5000  True    True
      231      98.00      162       163    70.5000  True    True
      233      98.00      165       166    70.5000  True    True
      128     196.00      169       170    70.5000  True    True
      236     196.00      170       171    70.5000  True    True
      221      98.00      146       147    70.5000  True    True
      226      98.00      153       154    70.5000  True    True
      228      98.00      156       157    70.5000  True    True
      232      98.00      163       164    70.5000  True    True
      234      98.00      166       167    70.5000  True    True
      129     196.00      171       172    70.5000  True    True
      133       1.95      173       174    70.5000  True    True
        7     784.00        8         9    70.0142  True    False
       17     784.00       18        19    70.0142  True    False
       24     784.00       28        29    70.0142  True    False
       31    1568.00       40        41    70.0073  True    False
       41     392.00       50        51    70.0073  True    False
       48     392.00       60        61    70.0073  True    False
       55     392.00       70        71    70.0073  True    False
        9     784.00       11        12    70.0044  False   False
       19     784.00       21        22    70.0044  False   False
       26     784.00       31        32    70.0044  False   False
       62     784.00       82        83    70.0038  True    False
       72     196.00       92        93    70.0038  True    False
       79     196.00      102       103    70.0038  True    False
       86     196.00      112       113    70.0038  True    False
       93     196.00      122       123    70.0038  True    False
      100     196.00      132       133    70.0038  True    False
       33     392.00       43        44    70.0034  True    False
       43     392.00       53        54    70.0034  True    False
       50     392.00       63        64    70.0034  True    False
       57     392.00       73        74    70.0034  True    False
       64     196.00       85        86    70.0029  True    False
       74     196.00       95        96    70.0029  True    False
       81     196.00      105       106    70.0029  True    False
       88     196.00      115       116    70.0029  True    False
       95     196.00      125       126    70.0029  True    False
      102     196.00      135       136    70.0029  True    False
      109      98.00      147       148    70.0027  True    False
      119      98.00      157       158    70.0027  True    False
      126      98.00      167       168    70.0027  True    False
      107     392.00      144       145    70.0021  True    False
      117      98.00      154       155    70.0021  True    False
      124      98.00      164       165    70.0021  True    False
      131       4.00      172       173    70.0003  True    False
      134       1.95      174       174    70.0000  True    False
       29    1568.00       35        38    35.0102  False   False
       60     784.00       77        80    35.0087  True    False
      105     392.00      139       142    35.0080  True    False
        4     392.00        3         6    35.0077  True    False
       15    1568.00       15        24     9.2563  False   False
       22    1568.00       25        34     9.2563  False   False
       39     784.00       47        56     9.2544  True    False
       46     784.00       57        66     9.2544  True    False
       53     784.00       67        76     9.2544  True    False
       70     392.00       89        98     9.2534  True    False
       77     392.00       99       108     9.2534  True    False
       84     392.00      109       118     9.2534  True    False
       91     392.00      119       128     9.2534  True    False
       98     392.00      129       138     9.2534  True    False
      115     196.00      151       160     9.2529  True    False
      122     196.00      161       170     9.2529  True    False
       14    1568.00        5        14     8.2778  False   False
       38     784.00       37        46     8.2778  False   False
       69     392.00       79        88     8.2778  True    False
      114     196.00      141       150     8.2778  True    False

--- PIN DURATION SUMMARY ---
  total tensors:                         175
  pinned:                                 166
  pinned for MORE than one timestep:      54  [4, 7, 17, 24, 31, 33, 39, 41, 43, 46, 48, 50, 53, 55, 57, 60, 62, 64, 69, 70, 72, 74, 77, 79, 81, 84, 86, 88, 91, 93, 95, 98, 100, 102, 105, 107, 109, 114, 115, 117, 119, 122, 124, 126, 131, 135, 140, 142, 143, 147, 149, 153, 155, 161]
  pinned for exactly one timestep:        112  [3, 12, 21, 28, 36, 45, 52, 59, 67, 76, 83, 90, 97, 104, 112, 121, 128, 129, 133, 134, 137, 138, 139, 141, 144, 145, 146, 148, 150, 151, 152, 154, 156, 157, 158, 159, 160, 162, 163, 164, 165, 166, 167, 168, 169, 170, 171, 172, 173, 174, 175, 176, 177, 178, 179, 180, 181, 182, 183, 184, 185, 186, 187, 188, 189, 190, 191, 192, 193, 194, 195, 196, 197, 198, 199, 200, 201, 202, 203, 204, 205, 206, 207, 208, 209, 210, 211, 212, 213, 214, 215, 216, 217, 218, 219, 220, 221, 222, 223, 224, 225, 226, 227, 228, 229, 230, 231, 232, 233, 234, 235, 236]
  not pinned (oversized, size > budget):  0
  not pinned (lost FoM competition):      9
[OnSRAM SPM] verified 175 timesteps, peak occupancy 2007040/2097152 bytes, 0 violations
[OnSRAM SPM] 111 of 111 Overwrite Optimization hand-off read(s) ('H') served from SPM
[OnSRAM SPM] 53 of 53 simulated layers keep their output on-chip (pinned); the other 0 write it back to DRAM
[OnSRAM SPM] WARNING: 12 of 175 timestep(s) would exceed the 2097152-byte budget under the OLD, fully-unconstrained filter/weight treatment (layer's full filter bytes on top of what's resident; see the filter line below); worst case 2703360 bytes over at t=140 (layer 148)
[OnSRAM SPM] ifmap bigger than its share of the free room on 4 of 175 timestep(s) (worst case 622848 bytes short at t=38, layer 36) -- logged only: under ideal tiling it streams through its share, each element read once
[OnSRAM SPM] ofmap bigger than its share of the free room on 8 of 175 timestep(s) (worst case 622848 bytes short at t=38, layer 36) -- logged only: under ideal tiling it streams through its share, each element read once
[OnSRAM SPM] filter bigger than its share of the free room on 9 of 175 timestep(s) (worst case 2703360 bytes short at t=140, layer 148) -- logged only: under ideal tiling it streams through its share, each element read once

--- REAL SCALE-SIM RESULTS (Phase D: scale_sim_runner.run_onsram_aware()) ---
  baseline DRAM bytes (no SPM mgmt):       251,207,536
  OnSRAM-aware DRAM bytes:                   77,584,384
  DRAM traffic reduction:                        69.12%
    of which, ifmap residency credit:        90,021,840 bytes (pinned tensors read from SPM instead of DRAM)
    of which, ofmap residency credit:        83,601,312 bytes (pinned outputs not written back to DRAM)
  baseline total cycles:                      9,949,840
  OnSRAM-aware total cycles:                   5,756,880
  speedup (baseline_cycles / onsram_cycles): 1.7283x
  memory-bound layers: baseline=132, onsram-aware=15 (of 175 total)
  inf-SPM ceiling (every activation on-chip, weights once): 5,179,856 cycles, 1.9209x
