model: /home/george/Desktop/SCALE-Sim/cosma/_exported/ResNeT50_unfused/model.json
paper_name: ResNet-50
spm_budget_mb: 2.0000
config: /home/george/Desktop/SCALE-Sim/configs/scale_onsram.cfg
============================================================
OnSRAM-Static @ 2.00 MB: 173/178 COSMA-tracked tensors pinned (97.2%)
  [OK] 173/178 pinned, independently replayed with no physical inconsistency; peak 1.9141 MB / 2.00 MB budget (oversized excluded: [])

--- SCHEDULE (BFS-DFS hybrid execution order) ---
  t=0    layer=0     op=PAD
  t=1    layer=1     op=CONV2D
  t=2    layer=2     op=BATCH_NORM
  t=3    layer=3     op=RELU
  t=4    layer=4     op=PAD
  t=5    layer=5     op=MAXPOOL
  t=6    layer=6     op=CONV2D
  t=7    layer=7     op=BATCH_NORM
  t=8    layer=8     op=CONV2D
  t=9    layer=9     op=BATCH_NORM
  t=10   layer=10    op=RELU
  t=11   layer=11    op=CONV2D
  t=12   layer=12    op=BATCH_NORM
  t=13   layer=13    op=RELU
  t=14   layer=14    op=CONV2D
  t=15   layer=15    op=BATCH_NORM
  t=16   layer=16    op=ADD
  t=17   layer=17    op=RELU
  t=18   layer=18    op=CONV2D
  t=19   layer=19    op=BATCH_NORM
  t=20   layer=20    op=RELU
  t=21   layer=21    op=CONV2D
  t=22   layer=22    op=BATCH_NORM
  t=23   layer=23    op=RELU
  t=24   layer=24    op=CONV2D
  t=25   layer=25    op=BATCH_NORM
  t=26   layer=26    op=ADD
  t=27   layer=27    op=RELU
  t=28   layer=28    op=CONV2D
  t=29   layer=29    op=BATCH_NORM
  t=30   layer=30    op=RELU
  t=31   layer=31    op=CONV2D
  t=32   layer=32    op=BATCH_NORM
  t=33   layer=33    op=RELU
  t=34   layer=34    op=CONV2D
  t=35   layer=35    op=BATCH_NORM
  t=36   layer=36    op=ADD
  t=37   layer=37    op=RELU
  t=38   layer=38    op=CONV2D
  t=39   layer=39    op=BATCH_NORM
  t=40   layer=40    op=CONV2D
  t=41   layer=41    op=BATCH_NORM
  t=42   layer=42    op=RELU
  t=43   layer=43    op=CONV2D
  t=44   layer=44    op=BATCH_NORM
  t=45   layer=45    op=RELU
  t=46   layer=46    op=CONV2D
  t=47   layer=47    op=BATCH_NORM
  t=48   layer=48    op=ADD
  t=49   layer=49    op=RELU
  t=50   layer=50    op=CONV2D
  t=51   layer=51    op=BATCH_NORM
  t=52   layer=52    op=RELU
  t=53   layer=53    op=CONV2D
  t=54   layer=54    op=BATCH_NORM
  t=55   layer=55    op=RELU
  t=56   layer=56    op=CONV2D
  t=57   layer=57    op=BATCH_NORM
  t=58   layer=58    op=ADD
  t=59   layer=59    op=RELU
  t=60   layer=60    op=CONV2D
  t=61   layer=61    op=BATCH_NORM
  t=62   layer=62    op=RELU
  t=63   layer=63    op=CONV2D
  t=64   layer=64    op=BATCH_NORM
  t=65   layer=65    op=RELU
  t=66   layer=66    op=CONV2D
  t=67   layer=67    op=BATCH_NORM
  t=68   layer=68    op=ADD
  t=69   layer=69    op=RELU
  t=70   layer=70    op=CONV2D
  t=71   layer=71    op=BATCH_NORM
  t=72   layer=72    op=RELU
  t=73   layer=73    op=CONV2D
  t=74   layer=74    op=BATCH_NORM
  t=75   layer=75    op=RELU
  t=76   layer=76    op=CONV2D
  t=77   layer=77    op=BATCH_NORM
  t=78   layer=78    op=ADD
  t=79   layer=79    op=RELU
  t=80   layer=80    op=CONV2D
  t=81   layer=81    op=BATCH_NORM
  t=82   layer=82    op=CONV2D
  t=83   layer=83    op=BATCH_NORM
  t=84   layer=84    op=RELU
  t=85   layer=85    op=CONV2D
  t=86   layer=86    op=BATCH_NORM
  t=87   layer=87    op=RELU
  t=88   layer=88    op=CONV2D
  t=89   layer=89    op=BATCH_NORM
  t=90   layer=90    op=ADD
  t=91   layer=91    op=RELU
  t=92   layer=92    op=CONV2D
  t=93   layer=93    op=BATCH_NORM
  t=94   layer=94    op=RELU
  t=95   layer=95    op=CONV2D
  t=96   layer=96    op=BATCH_NORM
  t=97   layer=97    op=RELU
  t=98   layer=98    op=CONV2D
  t=99   layer=99    op=BATCH_NORM
  t=100  layer=100   op=ADD
  t=101  layer=101   op=RELU
  t=102  layer=102   op=CONV2D
  t=103  layer=103   op=BATCH_NORM
  t=104  layer=104   op=RELU
  t=105  layer=105   op=CONV2D
  t=106  layer=106   op=BATCH_NORM
  t=107  layer=107   op=RELU
  t=108  layer=108   op=CONV2D
  t=109  layer=109   op=BATCH_NORM
  t=110  layer=110   op=ADD
  t=111  layer=111   op=RELU
  t=112  layer=112   op=CONV2D
  t=113  layer=113   op=BATCH_NORM
  t=114  layer=114   op=RELU
  t=115  layer=115   op=CONV2D
  t=116  layer=116   op=BATCH_NORM
  t=117  layer=117   op=RELU
  t=118  layer=118   op=CONV2D
  t=119  layer=119   op=BATCH_NORM
  t=120  layer=120   op=ADD
  t=121  layer=121   op=RELU
  t=122  layer=122   op=CONV2D
  t=123  layer=123   op=BATCH_NORM
  t=124  layer=124   op=RELU
  t=125  layer=125   op=CONV2D
  t=126  layer=126   op=BATCH_NORM
  t=127  layer=127   op=RELU
  t=128  layer=128   op=CONV2D
  t=129  layer=129   op=BATCH_NORM
  t=130  layer=130   op=ADD
  t=131  layer=131   op=RELU
  t=132  layer=132   op=CONV2D
  t=133  layer=133   op=BATCH_NORM
  t=134  layer=134   op=RELU
  t=135  layer=135   op=CONV2D
  t=136  layer=136   op=BATCH_NORM
  t=137  layer=137   op=RELU
  t=138  layer=138   op=CONV2D
  t=139  layer=139   op=BATCH_NORM
  t=140  layer=140   op=ADD
  t=141  layer=141   op=RELU
  t=142  layer=142   op=CONV2D
  t=143  layer=143   op=BATCH_NORM
  t=144  layer=144   op=CONV2D
  t=145  layer=145   op=BATCH_NORM
  t=146  layer=146   op=RELU
  t=147  layer=147   op=CONV2D
  t=148  layer=148   op=BATCH_NORM
  t=149  layer=149   op=RELU
  t=150  layer=150   op=CONV2D
  t=151  layer=151   op=BATCH_NORM
  t=152  layer=152   op=ADD
  t=153  layer=153   op=RELU
  t=154  layer=154   op=CONV2D
  t=155  layer=155   op=BATCH_NORM
  t=156  layer=156   op=RELU
  t=157  layer=157   op=CONV2D
  t=158  layer=158   op=BATCH_NORM
  t=159  layer=159   op=RELU
  t=160  layer=160   op=CONV2D
  t=161  layer=161   op=BATCH_NORM
  t=162  layer=162   op=ADD
  t=163  layer=163   op=RELU
  t=164  layer=164   op=CONV2D
  t=165  layer=165   op=BATCH_NORM
  t=166  layer=166   op=RELU
  t=167  layer=167   op=CONV2D
  t=168  layer=168   op=BATCH_NORM
  t=169  layer=169   op=RELU
  t=170  layer=170   op=CONV2D
  t=171  layer=171   op=BATCH_NORM
  t=172  layer=172   op=ADD
  t=173  layer=173   op=RELU
  t=174  layer=174   op=REDUCE_MEAN
  t=175  layer=175   op=DENSE
  t=176  layer=176   op=BIAS_ADD
  t=177  layer=177   op=SOFTMAX

--- FOM LIST (all tensors, sorted by FoM descending) ---
   tensor    size_KB produced last_used        fom  pinned  reclaimed_src
        7    1624.50        4         5    71.7000  True    True
      187    1568.00        1         2    71.7000  True    True
      189    1568.00        6         7    71.7000  True    False
      194    1568.00       14        15    71.7000  True    True
      200    1568.00       24        25    71.7000  True    True
      206    1568.00       34        35    71.7000  True    True
      188    1568.00        2         3    71.7000  True    False
       20    1568.00       15        16    71.7000  True    True
      195    1568.00       16        17    71.7000  True    False
       30    1568.00       25        26    71.7000  True    True
      201    1568.00       26        27    71.7000  True    False
       40    1568.00       35        36    71.7000  True    True
      207    1568.00       36        37    71.7000  True    False
      208     784.00       38        39    71.7000  True    True
      213     784.00       46        47    71.7000  True    True
      219     784.00       56        57    71.7000  True    True
      225     784.00       66        67    71.7000  True    True
      231     784.00       76        77    71.7000  True    True
      190     392.00        8         9    71.7000  True    True
      192     392.00       11        12    71.7000  True    True
      196     392.00       18        19    71.7000  True    True
      198     392.00       21        22    71.7000  True    True
      202     392.00       28        29    71.7000  True    True
      204     392.00       31        32    71.7000  True    True
       53     784.00       47        48    71.7000  True    True
      214     784.00       48        49    71.7000  True    True
       63     784.00       57        58    71.7000  True    True
      220     784.00       58        59    71.7000  True    True
       73     784.00       67        68    71.7000  True    True
      226     784.00       68        69    71.7000  True    True
       83     784.00       77        78    71.7000  True    True
      232     784.00       78        79    71.7000  True    True
      233     392.00       80        81    71.7000  True    True
      238     392.00       88        89    71.7000  True    True
      244     392.00       98        99    71.7000  True    True
      250     392.00      108       109    71.7000  True    True
      256     392.00      118       119    71.7000  True    True
      262     392.00      128       129    71.7000  True    True
      268     392.00      138       139    71.7000  True    True
      191     392.00        9        10    71.7000  True    True
      193     392.00       12        13    71.7000  True    True
      197     392.00       19        20    71.7000  True    True
      199     392.00       22        23    71.7000  True    True
      203     392.00       29        30    71.7000  True    True
      205     392.00       32        33    71.7000  True    True
      209     196.00       40        41    71.7000  True    True
      211     196.00       43        44    71.7000  True    True
      215     196.00       50        51    71.7000  True    True
      217     196.00       53        54    71.7000  True    True
      221     196.00       60        61    71.7000  True    True
      223     196.00       63        64    71.7000  True    True
      227     196.00       70        71    71.7000  True    True
      229     196.00       73        74    71.7000  True    True
       96     392.00       89        90    71.7000  True    True
      239     392.00       90        91    71.7000  True    True
      106     392.00       99       100    71.7000  True    True
      245     392.00      100       101    71.7000  True    True
      116     392.00      109       110    71.7000  True    True
      251     392.00      110       111    71.7000  True    True
      126     392.00      119       120    71.7000  True    True
      257     392.00      120       121    71.7000  True    True
      136     392.00      129       130    71.7000  True    True
      263     392.00      130       131    71.7000  True    True
      146     392.00      139       140    71.7000  True    True
      269     392.00      140       141    71.7000  True    True
      270     196.00      142       143    71.7000  True    True
      275     196.00      150       151    71.7000  True    True
      281     196.00      160       161    71.7000  True    True
      287     196.00      170       171    71.7000  True    True
      210     196.00       41        42    71.7000  True    True
      212     196.00       44        45    71.7000  True    True
      216     196.00       51        52    71.7000  True    True
      218     196.00       54        55    71.7000  True    True
      222     196.00       61        62    71.7000  True    True
      224     196.00       64        65    71.7000  True    True
      228     196.00       71        72    71.7000  True    True
      230     196.00       74        75    71.7000  True    True
      234      98.00       82        83    71.7000  True    True
      236      98.00       85        86    71.7000  True    True
      240      98.00       92        93    71.7000  True    True
      242      98.00       95        96    71.7000  True    True
      246      98.00      102       103    71.7000  True    True
      248      98.00      105       106    71.7000  True    True
      252      98.00      112       113    71.7000  True    True
      254      98.00      115       116    71.7000  True    True
      258      98.00      122       123    71.7000  True    True
      260      98.00      125       126    71.7000  True    True
      264      98.00      132       133    71.7000  True    True
      266      98.00      135       136    71.7000  True    True
      159     196.00      151       152    71.7000  True    True
      276     196.00      152       153    71.7000  True    True
      169     196.00      161       162    71.7000  True    True
      282     196.00      162       163    71.7000  True    True
      179     196.00      171       172    71.7000  True    True
      288     196.00      172       173    71.7000  True    True
      235      98.00       83        84    71.7000  True    True
      237      98.00       86        87    71.7000  True    True
      241      98.00       93        94    71.7000  True    True
      243      98.00       96        97    71.7000  True    True
      247      98.00      103       104    71.7000  True    True
      249      98.00      106       107    71.7000  True    True
      253      98.00      113       114    71.7000  True    True
      255      98.00      116       117    71.7000  True    True
      259      98.00      123       124    71.7000  True    True
      261      98.00      126       127    71.7000  True    True
      265      98.00      133       134    71.7000  True    True
      267      98.00      136       137    71.7000  True    True
      271      49.00      144       145    71.7000  True    True
      273      49.00      147       148    71.7000  True    True
      277      49.00      154       155    71.7000  True    True
      279      49.00      157       158    71.7000  True    True
      283      49.00      164       165    71.7000  True    True
      285      49.00      167       168    71.7000  True    True
      272      49.00      145       146    71.7000  True    True
      274      49.00      148       149    71.7000  True    True
      278      49.00      155       156    71.7000  True    True
      280      49.00      158       159    71.7000  True    True
      284      49.00      165       166    71.7000  True    True
      286      49.00      168       169    71.7000  True    True
      180     196.00      173       174    71.7000  True    True
      289       1.95      175       176    71.7000  True    True
      185       1.95      176       177    71.7000  True    True
        5    1568.00        3         4    71.7000  False   False
       14     392.00       10        11    71.2038  True    False
       24     392.00       20        21    71.2038  True    False
       34     392.00       30        31    71.2038  True    False
       47     196.00       42        43    71.2034  True    False
       57     196.00       52        53    71.2034  True    False
       67     196.00       62        63    71.2034  True    False
       77     196.00       72        73    71.2034  True    False
       17     392.00       13        14    71.2033  True    False
       27     392.00       23        24    71.2033  True    False
       37     392.00       33        34    71.2033  True    False
        2     309.96        0         1    71.2032  True    False
       90      98.00       84        85    71.2032  True    False
      100      98.00       94        95    71.2032  True    False
      110      98.00      104       105    71.2032  True    False
      120      98.00      114       115    71.2032  True    False
      130      98.00      124       125    71.2032  True    False
      140      98.00      134       135    71.2032  True    False
      153      49.00      146       147    71.2031  True    False
      163      49.00      156       157    71.2031  True    False
      173      49.00      166       167    71.2031  True    False
       50     196.00       45        46    71.2023  True    False
       60     196.00       55        56    71.2023  True    False
       70     196.00       65        66    71.2023  True    False
       80     196.00       75        76    71.2023  True    False
       93      98.00       87        88    71.2018  True    False
      103      98.00       97        98    71.2018  True    False
      113      98.00      107       108    71.2018  True    False
      123      98.00      117       118    71.2018  True    False
      133      98.00      127       128    71.2018  True    False
      143      98.00      137       138    71.2018  True    False
      156      49.00      149       150    71.2016  True    False
      166      49.00      159       160    71.2016  True    False
      176      49.00      169       170    71.2016  True    False
      182       4.00      174       175    71.2003  True    False
      186       1.95      177       177    71.2000  True    False
        8     392.00        5         8    35.6114  True    False
       41    1568.00       37        40    35.6082  False   False
       84     784.00       79        82    35.6058  True    False
      147     392.00      141       144    35.6045  True    False
       21    1568.00       17        26     9.4091  False   False
       31    1568.00       27        36     9.4091  False   False
       54     784.00       49        58     9.4052  True    False
       64     784.00       59        68     9.4052  True    False
       74     784.00       69        78     9.4052  True    False
       97     392.00       91       100     9.4033  True    False
      107     392.00      101       110     9.4033  True    False
      117     392.00      111       120     9.4033  True    False
      127     392.00      121       130     9.4033  True    False
      137     392.00      131       140     9.4033  True    False
      160     196.00      153       162     9.4023  True    False
      170     196.00      163       172     9.4023  True    False
       11    1568.00        7        16     8.4111  False   False
       44     784.00       39        48     8.4111  True    False
       87     392.00       81        90     8.4111  True    False
      150     196.00      143       152     8.4111  True    False

--- PIN DURATION SUMMARY ---
  total tensors:                         178
  pinned:                                 173
  pinned for MORE than one timestep:      55  [2, 8, 14, 17, 24, 27, 34, 37, 44, 47, 50, 54, 57, 60, 64, 67, 70, 74, 77, 80, 84, 87, 90, 93, 97, 100, 103, 107, 110, 113, 117, 120, 123, 127, 130, 133, 137, 140, 143, 147, 150, 153, 156, 160, 163, 166, 170, 173, 176, 182, 188, 189, 195, 201, 207]
  pinned for exactly one timestep:        118  [7, 20, 30, 40, 53, 63, 73, 83, 96, 106, 116, 126, 136, 146, 159, 169, 179, 180, 185, 186, 187, 190, 191, 192, 193, 194, 196, 197, 198, 199, 200, 202, 203, 204, 205, 206, 208, 209, 210, 211, 212, 213, 214, 215, 216, 217, 218, 219, 220, 221, 222, 223, 224, 225, 226, 227, 228, 229, 230, 231, 232, 233, 234, 235, 236, 237, 238, 239, 240, 241, 242, 243, 244, 245, 246, 247, 248, 249, 250, 251, 252, 253, 254, 255, 256, 257, 258, 259, 260, 261, 262, 263, 264, 265, 266, 267, 268, 269, 270, 271, 272, 273, 274, 275, 276, 277, 278, 279, 280, 281, 282, 283, 284, 285, 286, 287, 288, 289]
  not pinned (oversized, size > budget):  0
  not pinned (lost FoM competition):      5
[OnSRAM SPM] verified 178 timesteps, peak occupancy 2007040/2097152 bytes, 0 violations
[OnSRAM SPM] 117 of 117 Overwrite Optimization hand-off read(s) ('H') served from SPM
[OnSRAM SPM] 53 of 53 simulated layers keep their output on-chip (pinned); the other 0 write it back to DRAM
[OnSRAM SPM] WARNING: 10 of 178 timestep(s) would exceed the 2097152-byte budget under the OLD, fully-unconstrained filter/weight treatment (layer's full filter bytes on top of what's resident; see the filter line below); worst case 2923520 bytes over at t=147 (layer 147)
[OnSRAM SPM] ifmap bigger than its share of the free room on 2 of 178 timestep(s) (worst case 577792 bytes short at t=40, layer 40) -- logged only: under ideal tiling it streams through its share, each element read once
[OnSRAM SPM] ofmap fits its share of the free room on all 178 timesteps
[OnSRAM SPM] filter bigger than its share of the free room on 10 of 178 timestep(s) (worst case 2923520 bytes short at t=147, layer 147) -- logged only: under ideal tiling it streams through its share, each element read once

--- REAL SCALE-SIM RESULTS (Phase D: scale_sim_runner.run_onsram_aware()) ---
  baseline DRAM bytes (no SPM mgmt):       210,486,160
  OnSRAM-aware DRAM bytes:                   72,235,216
  DRAM traffic reduction:                        65.68%
    of which, ifmap residency credit:        72,335,736 bytes (pinned tensors read from SPM instead of DRAM)
    of which, ofmap residency credit:        65,915,208 bytes (pinned outputs not written back to DRAM)
  baseline total cycles:                      8,901,208
  OnSRAM-aware total cycles:                   5,556,034
  speedup (baseline_cycles / onsram_cycles): 1.6021x
  memory-bound layers: baseline=134, onsram-aware=14 (of 178 total)
  inf-SPM ceiling (every activation on-chip, weights once): 5,058,196 cycles, 1.7598x
