model: /home/george/Desktop/SCALE-Sim/cosma/_exported/ResNeXt50/model.json
paper_name: ResNeXt
spm_budget_mb: 2.0000
config: /home/george/Desktop/SCALE-Sim/configs/scale_onsram.cfg
============================================================
OnSRAM-Static @ 2.00 MB: 67/73 COSMA-tracked tensors pinned (91.8%)
  [OK] 67/73 pinned, independently replayed with no physical inconsistency; peak 1.9141 MB / 2.00 MB budget (oversized excluded: [])

--- SCHEDULE (BFS-DFS hybrid execution order) ---
  t=0    layer=0     op=CONV2D
  t=1    layer=1     op=MAXPOOL
  t=2    layer=2     op=CONV2D
  t=3    layer=3     op=CONV2D
  t=4    layer=4     op=CONV2D
  t=5    layer=5     op=CONV2D
  t=6    layer=6     op=ADD
  t=7    layer=7     op=CONV2D
  t=8    layer=8     op=CONV2D
  t=9    layer=9     op=CONV2D
  t=10   layer=10    op=ADD
  t=11   layer=11    op=CONV2D
  t=12   layer=12    op=CONV2D
  t=13   layer=13    op=CONV2D
  t=14   layer=14    op=ADD
  t=15   layer=18    op=CONV2D
  t=16   layer=15    op=CONV2D
  t=17   layer=16    op=CONV2D
  t=18   layer=17    op=CONV2D
  t=19   layer=19    op=ADD
  t=20   layer=20    op=CONV2D
  t=21   layer=21    op=CONV2D
  t=22   layer=22    op=CONV2D
  t=23   layer=23    op=ADD
  t=24   layer=24    op=CONV2D
  t=25   layer=25    op=CONV2D
  t=26   layer=26    op=CONV2D
  t=27   layer=27    op=ADD
  t=28   layer=28    op=CONV2D
  t=29   layer=29    op=CONV2D
  t=30   layer=30    op=CONV2D
  t=31   layer=31    op=ADD
  t=32   layer=35    op=CONV2D
  t=33   layer=32    op=CONV2D
  t=34   layer=33    op=CONV2D
  t=35   layer=34    op=CONV2D
  t=36   layer=36    op=ADD
  t=37   layer=37    op=CONV2D
  t=38   layer=38    op=CONV2D
  t=39   layer=39    op=CONV2D
  t=40   layer=40    op=ADD
  t=41   layer=41    op=CONV2D
  t=42   layer=42    op=CONV2D
  t=43   layer=43    op=CONV2D
  t=44   layer=44    op=ADD
  t=45   layer=45    op=CONV2D
  t=46   layer=46    op=CONV2D
  t=47   layer=47    op=CONV2D
  t=48   layer=48    op=ADD
  t=49   layer=49    op=CONV2D
  t=50   layer=50    op=CONV2D
  t=51   layer=51    op=CONV2D
  t=52   layer=52    op=ADD
  t=53   layer=53    op=CONV2D
  t=54   layer=54    op=CONV2D
  t=55   layer=55    op=CONV2D
  t=56   layer=56    op=ADD
  t=57   layer=60    op=CONV2D
  t=58   layer=57    op=CONV2D
  t=59   layer=58    op=CONV2D
  t=60   layer=59    op=CONV2D
  t=61   layer=61    op=ADD
  t=62   layer=62    op=CONV2D
  t=63   layer=63    op=CONV2D
  t=64   layer=64    op=CONV2D
  t=65   layer=65    op=ADD
  t=66   layer=66    op=CONV2D
  t=67   layer=67    op=CONV2D
  t=68   layer=68    op=CONV2D
  t=69   layer=69    op=ADD
  t=70   layer=70    op=REDUCE_MEAN
  t=71   layer=71    op=DENSE
  t=72   layer=72    op=SOFTMAX

--- FOM LIST (all tensors, sorted by FoM descending) ---
   tensor    size_KB produced last_used        fom  pinned  reclaimed_src
        3    1568.00        0         1    29.7000  True    True
       14    1568.00        5         6    29.7000  True    False
       21    1568.00        9        10    29.7000  True    False
       28    1568.00       13        14    29.7000  True    True
       36     784.00       18        19    29.7000  True    True
       45     784.00       22        23    29.7000  True    True
       52     784.00       26        27    29.7000  True    True
       59     784.00       30        31    29.7000  True    True
       67     392.00       35        36    29.7000  True    True
       76     392.00       39        40    29.7000  True    True
       83     392.00       43        44    29.7000  True    True
       90     392.00       47        48    29.7000  True    True
       97     392.00       51        52    29.7000  True    True
      104     392.00       55        56    29.7000  True    True
      112     196.00       60        61    29.7000  True    True
      121     196.00       64        65    29.7000  True    True
      128     196.00       68        69    29.7000  True    True
      129     196.00       69        70    29.7000  True    True
      133       1.95       71        72    29.7000  True    True
        7     784.00        2         3    29.2142  True    True
       17     784.00        7         8    29.2142  True    False
       24     784.00       11        12    29.2142  True    False
       29    1568.00       14        16    29.2102  True    True
       60     784.00       31        33    29.2087  True    True
      105     392.00       56        58    29.2080  True    True
       31    1568.00       16        17    29.2073  True    True
       41     392.00       20        21    29.2073  True    True
       48     392.00       24        25    29.2073  True    True
       55     392.00       28        29    29.2073  True    True
        9     784.00        3         4    29.2044  True    False
       19     784.00        8         9    29.2044  False   False
       26     784.00       12        13    29.2044  False   False
       62     784.00       33        34    29.2038  True    True
       72     196.00       37        38    29.2038  True    True
       79     196.00       41        42    29.2038  True    True
       86     196.00       45        46    29.2038  True    True
       93     196.00       49        50    29.2038  True    True
      100     196.00       53        54    29.2038  True    True
       33     392.00       17        18    29.2034  True    False
       43     392.00       21        22    29.2034  True    False
       50     392.00       25        26    29.2034  True    False
       57     392.00       29        30    29.2034  True    False
       64     196.00       34        35    29.2029  True    False
       74     196.00       38        39    29.2029  True    False
       81     196.00       42        43    29.2029  True    False
       88     196.00       46        47    29.2029  True    False
       95     196.00       50        51    29.2029  True    False
      102     196.00       54        55    29.2029  True    False
      109      98.00       59        60    29.2027  True    False
      119      98.00       63        64    29.2027  True    False
      126      98.00       67        68    29.2027  True    False
      107     392.00       58        59    29.2021  True    False
      117      98.00       62        63    29.2021  True    False
      124      98.00       66        67    29.2021  True    False
      131       4.00       70        71    29.2003  True    False
      134       1.95       72        72    29.2000  True    False
       12    1568.00        4         6    15.1000  False   False
       15    1568.00        6        10    10.2397  False   False
       22    1568.00       10        14    10.2397  False   False
       39     784.00       19        23    10.2377  True    True
       46     784.00       23        27    10.2377  True    True
       53     784.00       27        31    10.2377  True    False
       70     392.00       36        40    10.2367  True    True
       77     392.00       40        44    10.2367  True    True
       84     392.00       44        48    10.2367  True    True
       91     392.00       48        52    10.2367  True    True
       98     392.00       52        56    10.2367  True    False
      115     196.00       61        65    10.2362  True    True
      122     196.00       65        69    10.2362  True    False
        4     392.00        1         5     9.7410  True    False
       38     784.00       15        19     7.8000  False   False
       69     392.00       32        36     7.8000  True    False
      114     196.00       57        61     7.8000  True    False

--- PIN DURATION SUMMARY ---
  total tensors:                         73
  pinned:                                 67
  pinned for MORE than one timestep:      38  [4, 9, 14, 17, 21, 24, 29, 33, 39, 43, 46, 50, 53, 57, 60, 64, 69, 70, 74, 77, 81, 84, 88, 91, 95, 98, 102, 105, 107, 109, 114, 115, 117, 119, 122, 124, 126, 131]
  pinned for exactly one timestep:        29  [3, 7, 28, 31, 36, 41, 45, 48, 52, 55, 59, 62, 67, 72, 76, 79, 83, 86, 90, 93, 97, 100, 104, 112, 121, 128, 129, 133, 134]
  not pinned (oversized, size > budget):  0
  not pinned (lost FoM competition):      6
[OnSRAM SPM] verified 73 timesteps, peak occupancy 2007040/2097152 bytes, 0 violations
[OnSRAM SPM] 38 of 38 Overwrite Optimization hand-off read(s) ('H') served from SPM
[OnSRAM SPM] 49 of 53 simulated layers keep their output on-chip (pinned); the other 4 write it back to DRAM
[OnSRAM SPM] WARNING: 11 of 73 timestep(s) would exceed the 2097152-byte budget under the OLD, fully-unconstrained filter/weight treatment (layer's full filter bytes on top of what's resident; see the filter line below); worst case 2703360 bytes over at t=57 (layer 60)
[OnSRAM SPM] ifmap bigger than its share of the free room on 2 of 73 timestep(s) (worst case 377088 bytes short at t=7, layer 7) -- logged only: under ideal tiling it streams through its share, each element read once
[OnSRAM SPM] ofmap bigger than its share of the free room on 7 of 73 timestep(s) (worst case 778752 bytes short at t=4, layer 4) -- logged only: under ideal tiling it streams through its share, each element read once
[OnSRAM SPM] filter bigger than its share of the free room on 9 of 73 timestep(s) (worst case 2703360 bytes short at t=57, layer 60) -- logged only: under ideal tiling it streams through its share, each element read once

--- REAL SCALE-SIM RESULTS (Phase D: scale_sim_runner.run_onsram_aware()) ---
  baseline DRAM bytes (no SPM mgmt):       142,024,560
  OnSRAM-aware DRAM bytes:                   67,950,592
  DRAM traffic reduction:                        52.16%
    of which, ifmap residency credit:        41,050,064 bytes (pinned tensors read from SPM instead of DRAM)
    of which, ofmap residency credit:        33,023,904 bytes (pinned outputs not written back to DRAM)
  baseline total cycles:                      6,537,872
  OnSRAM-aware total cycles:                   5,480,586
  speedup (baseline_cycles / onsram_cycles): 1.1929x
  memory-bound layers: baseline=30, onsram-aware=7 (of 73 total)
  inf-SPM ceiling (every activation on-chip, weights once): 5,179,856 cycles, 1.2622x
